Mar 13 15:49:00 cu-cs-vm rsyslogd: [origin software="rsyslogd" swVersion="8.16.0" x-pid="897" x-info="http://www.rsyslog.com"] rsyslogd was HUPed
Mar 13 15:49:10 cu-cs-vm anacron[913]: Job `cron.daily' terminated (mailing output)
Mar 13 15:49:10 cu-cs-vm anacron[913]: Can't find sendmail at /usr/sbin/sendmail, not mailing output
Mar 13 15:49:10 cu-cs-vm anacron[913]: anacron: Can't find sendmail at /usr/sbin/sendmail, not mailing output
Mar 13 15:49:27 cu-cs-vm dbus[902]: [system] Reloaded configuration
Mar 13 15:49:28 cu-cs-vm dbus[902]: message repeated 12 times: [ [system] Reloaded configuration]
Mar 13 15:49:28 cu-cs-vm systemd[1]: Reloading.
Mar 13 15:49:28 cu-cs-vm systemd[1]: Started ACPI event daemon.
Mar 13 15:49:28 cu-cs-vm systemd[1]: Started CUPS Scheduler.
Mar 13 15:49:28 cu-cs-vm systemd[1]: Reloading.
Mar 13 15:49:28 cu-cs-vm systemd[1]: Started ACPI event daemon.
Mar 13 15:49:28 cu-cs-vm systemd[1]: Started CUPS Scheduler.
Mar 13 15:49:28 cu-cs-vm systemd[1]: Reloading.
Mar 13 15:49:28 cu-cs-vm systemd[1]: Started ACPI event daemon.
Mar 13 15:49:28 cu-cs-vm systemd[1]: Started CUPS Scheduler.
Mar 13 15:49:28 cu-cs-vm systemd[1]: Reexecuting.
Mar 13 15:49:28 cu-cs-vm systemd[1]: systemd 229 running in system mode. (+PAM +AUDIT +SELINUX +IMA +APPARMOR +SMACK +SYSVINIT +UTMP +LIBCRYPTSETUP +GCRYPT +GNUTLS +ACL +XZ -LZ4 +SECCOMP +BLKID +ELFUTILS +KMOD -IDN)
Mar 13 15:49:28 cu-cs-vm systemd[1]: Detected virtualization vmware.
Mar 13 15:49:28 cu-cs-vm systemd[1]: Detected architecture x86-64.
Mar 13 15:49:28 cu-cs-vm kernel: [  334.710893] systemd: 26 output lines suppressed due to ratelimiting
Mar 13 15:49:28 cu-cs-vm systemd[1]: Started ACPI event daemon.
Mar 13 15:49:28 cu-cs-vm systemd[1]: Started CUPS Scheduler.
Mar 13 15:49:28 cu-cs-vm systemd[1]: Stopping Network Time Synchronization...
Mar 13 15:49:28 cu-cs-vm systemd[1]: Stopped Network Time Synchronization.
Mar 13 15:49:28 cu-cs-vm systemd[1]: Starting Network Time Synchronization...
Mar 13 15:49:29 cu-cs-vm systemd[1]: Started Network Time Synchronization.
Mar 13 15:49:29 cu-cs-vm systemd[1]: Started Trigger resolvconf update for networkd DNS.
Mar 13 15:49:29 cu-cs-vm systemd-timesyncd[39620]: Synchronized to time server 91.189.89.199:123 (ntp.ubuntu.com).
Mar 13 15:49:29 cu-cs-vm systemd[1]: Reloading.
Mar 13 15:49:29 cu-cs-vm systemd[1]: Started ACPI event daemon.
Mar 13 15:49:29 cu-cs-vm systemd[1]: Started CUPS Scheduler.
Mar 13 15:49:29 cu-cs-vm systemd[1]: Reloading.
Mar 13 15:49:29 cu-cs-vm systemd[1]: Started ACPI event daemon.
Mar 13 15:49:29 cu-cs-vm systemd[1]: Started CUPS Scheduler.
Mar 13 15:49:30 cu-cs-vm systemd[1]: Reloading.
Mar 13 15:49:30 cu-cs-vm systemd[1]: Started ACPI event daemon.
Mar 13 15:49:30 cu-cs-vm systemd[1]: Started CUPS Scheduler.
Mar 13 15:49:33 cu-cs-vm systemd[1]: Stopped CUPS Scheduler.
Mar 13 15:49:33 cu-cs-vm systemd[1]: Reloading.
Mar 13 15:49:33 cu-cs-vm systemd[1]: Started ACPI event daemon.
Mar 13 15:49:33 cu-cs-vm systemd[1]: Stopping Make remote CUPS printers available locally...
Mar 13 15:49:33 cu-cs-vm systemd[1]: Stopped Make remote CUPS printers available locally.
Mar 13 15:49:33 cu-cs-vm systemd[1]: Stopping CUPS Scheduler...
Mar 13 15:49:33 cu-cs-vm systemd[1]: Stopped CUPS Scheduler.
Mar 13 15:49:34 cu-cs-vm systemd[1]: Reloading.
Mar 13 15:49:34 cu-cs-vm systemd[1]: Started ACPI event daemon.
Mar 13 15:49:34 cu-cs-vm systemd[1]: Reloading.
Mar 13 15:49:34 cu-cs-vm systemd[1]: Started ACPI event daemon.
Mar 13 15:49:44 cu-cs-vm systemd[1]: Reloading.
Mar 13 15:49:44 cu-cs-vm systemd[1]: Started ACPI event daemon.
Mar 13 15:49:50 cu-cs-vm systemd[1]: Reloading.
Mar 13 15:49:50 cu-cs-vm systemd[1]: Started ACPI event daemon.
Mar 13 15:49:50 cu-cs-vm systemd[1]: Stopping LSB: Record successful boot for GRUB...
Mar 13 15:49:50 cu-cs-vm systemd[1]: Stopped LSB: Record successful boot for GRUB.
Mar 13 15:49:51 cu-cs-vm systemd[1]: Reloading.
Mar 13 15:49:51 cu-cs-vm systemd[1]: Started ACPI event daemon.
Mar 13 15:49:53 cu-cs-vm systemd[1]: Reloading.
Mar 13 15:49:53 cu-cs-vm systemd[1]: Started ACPI event daemon.
Mar 13 15:49:54 cu-cs-vm systemd[1]: Reloading.
Mar 13 15:49:54 cu-cs-vm systemd[1]: Started ACPI event daemon.
Mar 13 15:49:54 cu-cs-vm systemd[1]: Reloading.
Mar 13 15:49:55 cu-cs-vm systemd[1]: Started ACPI event daemon.
Mar 13 15:49:55 cu-cs-vm systemd[1]: Reloading.
Mar 13 15:49:55 cu-cs-vm systemd[1]: Started ACPI event daemon.
Mar 13 15:49:57 cu-cs-vm dbus[902]: [system] Reloaded configuration
Mar 13 15:49:59 cu-cs-vm dbus[902]: message repeated 15 times: [ [system] Reloaded configuration]
Mar 13 15:50:01 cu-cs-vm CRON[51911]: (user) CMD (sudo /home/user/Desktop/mountDirs.sh)
Mar 13 15:50:02 cu-cs-vm dbus[902]: [system] Reloaded configuration
Mar 13 15:50:03 cu-cs-vm CRON[51910]: (CRON) info (No MTA installed, discarding output)
Mar 13 15:50:13 cu-cs-vm systemd[1]: Reloading.
Mar 13 15:50:13 cu-cs-vm systemd[1]: Started ACPI event daemon.
Mar 13 15:50:13 cu-cs-vm systemd[1]: Reloading.
Mar 13 15:50:13 cu-cs-vm systemd[1]: Started ACPI event daemon.
Mar 13 15:50:13 cu-cs-vm systemd[1]: Stopping udev Kernel Device Manager...
Mar 13 15:50:13 cu-cs-vm systemd[1]: Stopped udev Kernel Device Manager.
Mar 13 15:50:13 cu-cs-vm systemd[1]: Starting udev Kernel Device Manager...
Mar 13 15:50:13 cu-cs-vm systemd[1]: Started udev Kernel Device Manager.
Mar 13 15:50:13 cu-cs-vm systemd[1]: Reloading.
Mar 13 15:50:13 cu-cs-vm systemd[1]: Started ACPI event daemon.
Mar 13 15:50:13 cu-cs-vm systemd[1]: Reloading.
Mar 13 15:50:13 cu-cs-vm systemd[1]: Started ACPI event daemon.
Mar 13 15:50:13 cu-cs-vm kernel: [  379.594140] kauditd_printk_skb: 10 callbacks suppressed
Mar 13 15:50:13 cu-cs-vm kernel: [  379.594141] audit: type=1400 audit(1552513813.797:22): apparmor="STATUS" operation="profile_replace" profile="unconfined" name="/usr/lib/cups/backend/cups-pdf" pid=54426 comm="apparmor_parser"
Mar 13 15:50:13 cu-cs-vm kernel: [  379.594414] audit: type=1400 audit(1552513813.797:23): apparmor="STATUS" operation="profile_replace" profile="unconfined" name="/usr/sbin/cupsd" pid=54426 comm="apparmor_parser"
Mar 13 15:50:13 cu-cs-vm kernel: [  379.609792] audit: type=1400 audit(1552513813.813:24): apparmor="STATUS" operation="profile_replace" profile="unconfined" name="/usr/sbin/cupsd//third_party" pid=54426 comm="apparmor_parser"
Mar 13 15:50:14 cu-cs-vm systemd[1]: Reloading.
Mar 13 15:50:14 cu-cs-vm systemd[1]: Started ACPI event daemon.
Mar 13 15:50:14 cu-cs-vm systemd[1]: Reloading.
Mar 13 15:50:14 cu-cs-vm systemd[1]: Started ACPI event daemon.
Mar 13 15:50:14 cu-cs-vm systemd[1]: Started CUPS Scheduler.
Mar 13 15:50:14 cu-cs-vm systemd[1]: Reloading.
Mar 13 15:50:14 cu-cs-vm systemd[1]: Started ACPI event daemon.
Mar 13 15:50:14 cu-cs-vm systemd[1]: Started CUPS Scheduler.
Mar 13 15:50:14 cu-cs-vm systemd[1]: Started CUPS Scheduler.
Mar 13 15:50:16 cu-cs-vm dbus[902]: [system] Activating via systemd: service name='org.freedesktop.hostname1' unit='dbus-org.freedesktop.hostname1.service'
Mar 13 15:50:16 cu-cs-vm systemd[1]: Starting Hostname Service...
Mar 13 15:50:16 cu-cs-vm dbus[902]: [system] Successfully activated service 'org.freedesktop.hostname1'
Mar 13 15:50:16 cu-cs-vm systemd[1]: Started Hostname Service.
Mar 13 15:50:17 cu-cs-vm systemd[1]: Reloading.
Mar 13 15:50:17 cu-cs-vm systemd[1]: Started ACPI event daemon.
Mar 13 15:50:17 cu-cs-vm systemd[1]: Started CUPS Scheduler.
Mar 13 15:50:17 cu-cs-vm systemd[1]: Reloading.
Mar 13 15:50:17 cu-cs-vm systemd[1]: Started ACPI event daemon.
Mar 13 15:50:17 cu-cs-vm systemd[1]: Started CUPS Scheduler.
Mar 13 15:50:17 cu-cs-vm systemd[1]: Starting LSB: Record successful boot for GRUB...
Mar 13 15:50:17 cu-cs-vm systemd[1]: Started LSB: Record successful boot for GRUB.
Mar 13 15:50:19 cu-cs-vm os-prober: debug: /dev/sda2: DOS extended partition; skipping
Mar 13 15:50:19 cu-cs-vm os-prober: debug: /dev/sda5: is active swap
Mar 13 15:50:20 cu-cs-vm os-prober: debug: /dev/sda2: DOS extended partition; skipping
Mar 13 15:50:20 cu-cs-vm os-prober: debug: /dev/sda5: is active swap
Mar 13 15:50:20 cu-cs-vm dbus[902]: [system] Reloaded configuration
Mar 13 15:50:21 cu-cs-vm dbus[902]: message repeated 2 times: [ [system] Reloaded configuration]
Mar 13 15:51:09 cu-cs-vm dbus[902]: [system] Activating service name='com.ubuntu.SoftwareProperties' (using servicehelper)
Mar 13 15:51:09 cu-cs-vm dbus[902]: [system] Successfully activated service 'com.ubuntu.SoftwareProperties'
Mar 13 15:51:28 cu-cs-vm systemd[1]: Created slice User Slice of lightdm.
Mar 13 15:51:28 cu-cs-vm systemd[1]: Starting User Manager for UID 108...
Mar 13 15:51:28 cu-cs-vm systemd[1]: Started Session c2 of user lightdm.
Mar 13 15:51:28 cu-cs-vm systemd[69671]: Reached target Sockets.
Mar 13 15:51:28 cu-cs-vm systemd[69671]: Reached target Paths.
Mar 13 15:51:28 cu-cs-vm systemd[69671]: Reached target Timers.
Mar 13 15:51:28 cu-cs-vm systemd[69671]: Reached target Basic System.
Mar 13 15:51:28 cu-cs-vm systemd[69671]: Reached target Default.
Mar 13 15:51:28 cu-cs-vm systemd[69671]: Startup finished in 9ms.
Mar 13 15:51:28 cu-cs-vm systemd[1]: Started User Manager for UID 108.
Mar 13 15:51:28 cu-cs-vm org.a11y.atspi.Registry[69693]: SpiRegistry daemon is running with well-known name - org.a11y.atspi.Registry
Mar 13 15:51:28 cu-cs-vm rtkit-daemon[1470]: Successfully made thread 69736 of process 69736 (n/a) owned by '108' high priority at nice level -11.
Mar 13 15:51:28 cu-cs-vm rtkit-daemon[1470]: Supervising 4 threads of 2 processes of 2 users.
Mar 13 15:51:28 cu-cs-vm pulseaudio[69736]: [pulseaudio] alsa-util.c: Disabling timer-based scheduling because running inside a VM.
Mar 13 15:51:28 cu-cs-vm rtkit-daemon[1470]: Supervising 4 threads of 2 processes of 2 users.
Mar 13 15:51:28 cu-cs-vm rtkit-daemon[1470]: Successfully made thread 69747 of process 69736 (n/a) owned by '108' RT at priority 5.
Mar 13 15:51:28 cu-cs-vm rtkit-daemon[1470]: Supervising 5 threads of 2 processes of 2 users.
Mar 13 15:51:28 cu-cs-vm pulseaudio[69736]: [pulseaudio] alsa-util.c: Disabling timer-based scheduling because running inside a VM.
Mar 13 15:51:28 cu-cs-vm pulseaudio[69736]: [alsa-sink-ES1371/1] alsa-sink.c: ALSA woke us up to write new data to the device, but there was actually nothing to write.
Mar 13 15:51:28 cu-cs-vm pulseaudio[69736]: [alsa-sink-ES1371/1] alsa-sink.c: Most likely this is a bug in the ALSA driver 'snd_ens1371'. Please report this issue to the ALSA developers.
Mar 13 15:51:28 cu-cs-vm pulseaudio[69736]: [alsa-sink-ES1371/1] alsa-sink.c: We were woken up with POLLOUT set -- however a subsequent snd_pcm_avail() returned 0 or another value < min_avail.
Mar 13 15:51:28 cu-cs-vm rtkit-daemon[1470]: Supervising 5 threads of 2 processes of 2 users.
Mar 13 15:51:28 cu-cs-vm rtkit-daemon[1470]: Successfully made thread 69748 of process 69736 (n/a) owned by '108' RT at priority 5.
Mar 13 15:51:28 cu-cs-vm rtkit-daemon[1470]: Supervising 6 threads of 2 processes of 2 users.
Mar 13 15:51:31 cu-cs-vm org.gtk.vfs.Daemon[69684]: A connection to the bus can't be made
Mar 13 15:51:48 cu-cs-vm systemd[1]: Stopping Daemon for power management...
Mar 13 15:51:48 cu-cs-vm systemd[1]: Stopping Disk Manager...
Mar 13 15:51:48 cu-cs-vm bluetoothd[915]: Terminating
Mar 13 15:51:48 cu-cs-vm systemd[1]: Stopped target Bluetooth.
Mar 13 15:51:48 cu-cs-vm systemd[1]: Stopping Bluetooth service...
Mar 13 15:51:48 cu-cs-vm systemd[1]: Stopped target Graphical Interface.
Mar 13 15:51:48 cu-cs-vm systemd[1]: Stopping ACPI event daemon...
Mar 13 15:51:48 cu-cs-vm systemd[1]: Stopping User Manager for UID 1000...
Mar 13 15:51:48 cu-cs-vm systemd[1]: Stopping Authentication service for virtual machines hosted on VMware...
Mar 13 15:51:48 cu-cs-vm systemd[1]: Stopping Accounts Service...
Mar 13 15:51:48 cu-cs-vm systemd[1]: Stopping Authenticate and Authorize Users to Run Privileged Tasks...
Mar 13 15:51:48 cu-cs-vm systemd[1]: Closed Load/Save RF Kill Switch Status /dev/rfkill Watch.
Mar 13 15:51:48 cu-cs-vm systemd[1]: Stopping Light Display Manager...
Mar 13 15:51:48 cu-cs-vm systemd[1093]: Reached target Shutdown.
Mar 13 15:51:48 cu-cs-vm systemd[1093]: Stopped target Default.
Mar 13 15:51:48 cu-cs-vm systemd[1093]: Stopped target Basic System.
Mar 13 15:51:48 cu-cs-vm VGAuthService[898]: ** Message: Processing SIGTERM; service exiting
Mar 13 15:51:48 cu-cs-vm VGAuthService[898]: ** Message: ServiceEndMainLoop: about to stop main loop
Mar 13 15:51:48 cu-cs-vm systemd[1093]: Stopped target Timers.
Mar 13 15:51:48 cu-cs-vm systemd[1093]: Stopped target Paths.
Mar 13 15:51:48 cu-cs-vm systemd[1093]: Stopped target Sockets.
Mar 13 15:51:48 cu-cs-vm systemd[1]: Stopping RealtimeKit Scheduling Policy Service...
Mar 13 15:51:48 cu-cs-vm VGAuthService[898]: ** Message: END SERVICE
Mar 13 15:51:48 cu-cs-vm systemd[1]: Stopped target Multi-User System.
Mar 13 15:51:48 cu-cs-vm systemd[1093]: Starting Exit the Session...
Mar 13 15:51:48 cu-cs-vm systemd[1]: Stopping crash report submission daemon...
Mar 13 15:51:48 cu-cs-vm snapd[937]: 2019/03/13 15:51:48.546706 main.go:81: Exiting on terminated signal.
Mar 13 15:51:48 cu-cs-vm obexd[1623]: Terminating
Mar 13 15:51:48 cu-cs-vm systemd[1093]: Received SIGRTMIN+24 from PID 70754 (kill).
Mar 13 15:51:48 cu-cs-vm avahi-daemon[911]: Got SIGTERM, quitting.
Mar 13 15:51:48 cu-cs-vm systemd[1]: Stopped Initialize hardware monitoring sensors.
Mar 13 15:51:48 cu-cs-vm avahi-daemon[911]: Leaving mDNS multicast group on interface ens33.IPv6 with address fe80::72b7:21f8:b124:954a.
Mar 13 15:51:48 cu-cs-vm systemd[1]: Stopped Wait until snapd is fully seeded.
Mar 13 15:51:48 cu-cs-vm avahi-daemon[911]: Leaving mDNS multicast group on interface ens33.IPv4 with address 192.168.190.129.
Mar 13 15:51:48 cu-cs-vm systemd[1]: Stopping Snappy daemon...
Mar 13 15:51:48 cu-cs-vm systemd[1]: Stopped target Login Prompts.
Mar 13 15:51:48 cu-cs-vm systemd[1]: Stopping Getty on tty1...
Mar 13 15:51:48 cu-cs-vm systemd[1]: Stopping Avahi mDNS/DNS-SD Stack...
Mar 13 15:51:48 cu-cs-vm dbus[902]: [system] Activating via systemd: service name='org.freedesktop.PolicyKit1' unit='polkitd.service'
Mar 13 15:51:48 cu-cs-vm systemd[1]: Stopping LSB: Speech Dispatcher...
Mar 13 15:51:48 cu-cs-vm rsyslogd: [origin software="rsyslogd" swVersion="8.16.0" x-pid="897" x-info="http://www.rsyslog.com"] exiting on signal 15.
Mar 14 11:54:51 cu-cs-vm rsyslogd: [origin software="rsyslogd" swVersion="8.16.0" x-pid="856" x-info="http://www.rsyslog.com"] start
Mar 14 11:54:51 cu-cs-vm rsyslogd-2222: command 'KLogPermitNonKernelFacility' is currently not permitted - did you already set it via a RainerScript command (v6+ config)? [v8.16.0 try http://www.rsyslog.com/e/2222 ]
Mar 14 11:54:51 cu-cs-vm rsyslogd: rsyslogd's groupid changed to 108
Mar 14 11:54:51 cu-cs-vm rsyslogd: rsyslogd's userid changed to 104
Mar 14 11:54:51 cu-cs-vm systemd-modules-load[349]: Inserted module 'lp'
Mar 14 11:54:51 cu-cs-vm systemd-modules-load[349]: Inserted module 'ppdev'
Mar 14 11:54:51 cu-cs-vm systemd-modules-load[349]: Inserted module 'parport_pc'
Mar 14 11:54:51 cu-cs-vm systemd-modules-load[349]: Module 'fuse' is builtin
Mar 14 11:54:51 cu-cs-vm systemd[1]: Mounted FUSE Control File System.
Mar 14 11:54:51 cu-cs-vm systemd[1]: Mounted Debug File System.
Mar 14 11:54:51 cu-cs-vm systemd[1]: Mounted Configuration File System.
Mar 14 11:54:51 cu-cs-vm systemd[1]: Mounted Huge Pages File System.
Mar 14 11:54:51 cu-cs-vm systemd[1]: Mounted POSIX Message Queue File System.
Mar 14 11:54:51 cu-cs-vm systemd[1]: Started Remount Root and Kernel File Systems.
Mar 14 11:54:51 cu-cs-vm systemd[1]: Starting udev Coldplug all Devices...
Mar 14 11:54:51 cu-cs-vm systemd[1]: Starting Load/Save Random Seed...
Mar 14 11:54:51 cu-cs-vm systemd[1]: Mounting VMware vmblock fuse mount...
Mar 14 11:54:51 cu-cs-vm systemd[1]: Starting Flush Journal to Persistent Storage...
Mar 14 11:54:51 cu-cs-vm systemd[1]: Started Nameserver information manager.
Mar 14 11:54:51 cu-cs-vm systemd[1]: Reached target Network (Pre).
Mar 14 11:54:51 cu-cs-vm loadkeys[354]: Loading /etc/console-setup/cached.kmap.gz
Mar 14 11:54:51 cu-cs-vm systemd[1]: Started Set console keymap.
Mar 14 11:54:51 cu-cs-vm systemd[1]: Reached target Local File Systems (Pre).
Mar 14 11:54:51 cu-cs-vm systemd[1]: Reached target Local File Systems.
Mar 14 11:54:51 cu-cs-vm systemd[1]: Starting Tell Plymouth To Write Out Runtime Data...
Mar 14 11:54:51 cu-cs-vm systemd[1]: Starting LSB: AppArmor initialization...
Mar 14 11:54:51 cu-cs-vm systemd[1]: Starting Set console font and keymap...
Mar 14 11:54:51 cu-cs-vm kernel: [    0.000000] Linux version 4.15.0-46-generic (buildd@lgw01-amd64-008) (gcc version 5.4.0 20160609 (Ubuntu 5.4.0-6ubuntu1~16.04.10)) #49~16.04.1-Ubuntu SMP Tue Feb 12 17:45:24 UTC 2019 (Ubuntu 4.15.0-46.49~16.04.1-generic 4.15.18)
Mar 14 11:54:51 cu-cs-vm systemd[1]: Starting Enable support for additional executable binary formats...
Mar 14 11:54:51 cu-cs-vm kernel: [    0.000000] Command line: BOOT_IMAGE=/boot/vmlinuz-4.15.0-46-generic root=UUID=a7adc8c1-e02a-478b-93ad-c06e060e0176 ro quiet splash
Mar 14 11:54:51 cu-cs-vm kernel: [    0.000000] KERNEL supported cpus:
Mar 14 11:54:51 cu-cs-vm kernel: [    0.000000]   Intel GenuineIntel
Mar 14 11:54:51 cu-cs-vm kernel: [    0.000000]   AMD AuthenticAMD
Mar 14 11:54:51 cu-cs-vm systemd[1]: Started Load/Save Random Seed.
Mar 14 11:54:51 cu-cs-vm kernel: [    0.000000]   Centaur CentaurHauls
Mar 14 11:54:51 cu-cs-vm kernel: [    0.000000] Disabled fast string operations
Mar 14 11:54:51 cu-cs-vm kernel: [    0.000000] x86/fpu: Supporting XSAVE feature 0x001: 'x87 floating point registers'
Mar 14 11:54:51 cu-cs-vm kernel: [    0.000000] x86/fpu: Supporting XSAVE feature 0x002: 'SSE registers'
Mar 14 11:54:51 cu-cs-vm kernel: [    0.000000] x86/fpu: Supporting XSAVE feature 0x004: 'AVX registers'
Mar 14 11:54:51 cu-cs-vm systemd[1]: proc-sys-fs-binfmt_misc.automount: Got automount request for /proc/sys/fs/binfmt_misc, triggered by 399 (update-binfmts)
Mar 14 11:54:51 cu-cs-vm kernel: [    0.000000] x86/fpu: xstate_offset[2]:  576, xstate_sizes[2]:  256
Mar 14 11:54:51 cu-cs-vm kernel: [    0.000000] x86/fpu: Enabled xstate features 0x7, context size is 832 bytes, using 'standard' format.
Mar 14 11:54:51 cu-cs-vm kernel: [    0.000000] e820: BIOS-provided physical RAM map:
Mar 14 11:54:51 cu-cs-vm kernel: [    0.000000] BIOS-e820: [mem 0x0000000000000000-0x000000000009e7ff] usable
Mar 14 11:54:51 cu-cs-vm kernel: [    0.000000] BIOS-e820: [mem 0x000000000009e800-0x000000000009ffff] reserved
Mar 14 11:54:51 cu-cs-vm kernel: [    0.000000] BIOS-e820: [mem 0x00000000000dc000-0x00000000000fffff] reserved
Mar 14 11:54:51 cu-cs-vm systemd[1]: Mounting Arbitrary Executable File Formats File System...
Mar 14 11:54:51 cu-cs-vm kernel: [    0.000000] BIOS-e820: [mem 0x0000000000100000-0x00000000bfecffff] usable
Mar 14 11:54:51 cu-cs-vm kernel: [    0.000000] BIOS-e820: [mem 0x00000000bfed0000-0x00000000bfefefff] ACPI data
Mar 14 11:54:51 cu-cs-vm kernel: [    0.000000] BIOS-e820: [mem 0x00000000bfeff000-0x00000000bfefffff] ACPI NVS
Mar 14 11:54:51 cu-cs-vm kernel: [    0.000000] BIOS-e820: [mem 0x00000000bff00000-0x00000000bfffffff] usable
Mar 14 11:54:51 cu-cs-vm systemd[1]: Started Flush Journal to Persistent Storage.
Mar 14 11:54:51 cu-cs-vm kernel: [    0.000000] BIOS-e820: [mem 0x00000000f0000000-0x00000000f7ffffff] reserved
Mar 14 11:54:51 cu-cs-vm kernel: [    0.000000] BIOS-e820: [mem 0x00000000fec00000-0x00000000fec0ffff] reserved
Mar 14 11:54:51 cu-cs-vm kernel: [    0.000000] BIOS-e820: [mem 0x00000000fee00000-0x00000000fee00fff] reserved
Mar 14 11:54:51 cu-cs-vm kernel: [    0.000000] BIOS-e820: [mem 0x00000000fffe0000-0x00000000ffffffff] reserved
Mar 14 11:54:51 cu-cs-vm kernel: [    0.000000] BIOS-e820: [mem 0x0000000100000000-0x000000023fffffff] usable
Mar 14 11:54:51 cu-cs-vm kernel: [    0.000000] NX (Execute Disable) protection: active
Mar 14 11:54:51 cu-cs-vm kernel: [    0.000000] SMBIOS 2.7 present.
Mar 14 11:54:51 cu-cs-vm kernel: [    0.000000] DMI: VMware, Inc. VMware Virtual Platform/440BX Desktop Reference Platform, BIOS 6.00 04/13/2018
Mar 14 11:54:51 cu-cs-vm systemd[1]: Starting Create Volatile Files and Directories...
Mar 14 11:54:51 cu-cs-vm kernel: [    0.000000] Hypervisor detected: VMware
Mar 14 11:54:51 cu-cs-vm kernel: [    0.000000] vmware: TSC freq read from hypervisor : 2903.694 MHz
Mar 14 11:54:51 cu-cs-vm kernel: [    0.000000] vmware: Host bus clock speed read from hypervisor : 66000000 Hz
Mar 14 11:54:51 cu-cs-vm kernel: [    0.000000] vmware: using sched offset of 5151640503 ns
Mar 14 11:54:51 cu-cs-vm kernel: [    0.000000] e820: update [mem 0x00000000-0x00000fff] usable ==> reserved
Mar 14 11:54:51 cu-cs-vm systemd[1]: Mounted VMware vmblock fuse mount.
Mar 14 11:54:51 cu-cs-vm kernel: [    0.000000] e820: remove [mem 0x000a0000-0x000fffff] usable
Mar 14 11:54:51 cu-cs-vm kernel: [    0.000000] e820: last_pfn = 0x240000 max_arch_pfn = 0x400000000
Mar 14 11:54:51 cu-cs-vm kernel: [    0.000000] MTRR default type: uncachable
Mar 14 11:54:51 cu-cs-vm kernel: [    0.000000] MTRR fixed ranges enabled:
Mar 14 11:54:51 cu-cs-vm kernel: [    0.000000]   00000-9FFFF write-back
Mar 14 11:54:51 cu-cs-vm systemd[1]: Started Service for virtual machines hosted on VMware.
Mar 14 11:54:51 cu-cs-vm kernel: [    0.000000]   A0000-BFFFF uncachable
Mar 14 11:54:51 cu-cs-vm systemd-tmpfiles[416]: [/usr/lib/tmpfiles.d/var.conf:14] Duplicate line for path "/var/log", ignoring.
Mar 14 11:54:51 cu-cs-vm kernel: [    0.000000]   C0000-CFFFF write-protect
Mar 14 11:54:51 cu-cs-vm kernel: [    0.000000]   D0000-EFFFF uncachable
Mar 14 11:54:51 cu-cs-vm kernel: [    0.000000]   F0000-FFFFF write-protect
Mar 14 11:54:51 cu-cs-vm kernel: [    0.000000] MTRR variable ranges enabled:
Mar 14 11:54:51 cu-cs-vm kernel: [    0.000000]   0 base 00000000000 mask 3C000000000 write-back
Mar 14 11:54:51 cu-cs-vm kernel: [    0.000000]   1 base 000C0000000 mask 3FFC0000000 uncachable
Mar 14 11:54:51 cu-cs-vm systemd[1]: Mounted Arbitrary Executable File Formats File System.
Mar 14 11:54:51 cu-cs-vm kernel: [    0.000000]   2 disabled
Mar 14 11:54:51 cu-cs-vm systemd[1]: Started Enable support for additional executable binary formats.
Mar 14 11:54:51 cu-cs-vm kernel: [    0.000000]   3 disabled
Mar 14 11:54:51 cu-cs-vm kernel: [    0.000000]   4 disabled
Mar 14 11:54:51 cu-cs-vm kernel: [    0.000000]   5 disabled
Mar 14 11:54:51 cu-cs-vm kernel: [    0.000000]   6 disabled
Mar 14 11:54:51 cu-cs-vm kernel: [    0.000000]   7 disabled
Mar 14 11:54:51 cu-cs-vm kernel: [    0.000000] x86/PAT: Configuration [0-7]: WB  WC  UC- UC  WB  WP  UC- WT  
Mar 14 11:54:51 cu-cs-vm kernel: [    0.000000] total RAM covered: 261120M
Mar 14 11:54:51 cu-cs-vm systemd[1]: Started Tell Plymouth To Write Out Runtime Data.
Mar 14 11:54:51 cu-cs-vm kernel: [    0.000000]  gran_size: 64K 	chunk_size: 64K 	num_reg: 8  	lose cover RAM: 0G
Mar 14 11:54:51 cu-cs-vm kernel: [    0.000000]  gran_size: 64K 	chunk_size: 128K 	num_reg: 8  	lose cover RAM: 0G
Mar 14 11:54:51 cu-cs-vm kernel: [    0.000000]  gran_size: 64K 	chunk_size: 256K 	num_reg: 8  	lose cover RAM: 0G
Mar 14 11:54:51 cu-cs-vm kernel: [    0.000000]  gran_size: 64K 	chunk_size: 512K 	num_reg: 8  	lose cover RAM: 0G
Mar 14 11:54:51 cu-cs-vm systemd[1]: Started Create Volatile Files and Directories.
Mar 14 11:54:51 cu-cs-vm kernel: [    0.000000]  gran_size: 64K 	chunk_size: 1M 	num_reg: 8  	lose cover RAM: 0G
Mar 14 11:54:51 cu-cs-vm kernel: [    0.000000]  gran_size: 64K 	chunk_size: 2M 	num_reg: 8  	lose cover RAM: 0G
Mar 14 11:54:51 cu-cs-vm kernel: [    0.000000]  gran_size: 64K 	chunk_size: 4M 	num_reg: 8  	lose cover RAM: 0G
Mar 14 11:54:51 cu-cs-vm kernel: [    0.000000]  gran_size: 64K 	chunk_size: 8M 	num_reg: 8  	lose cover RAM: 0G
Mar 14 11:54:51 cu-cs-vm kernel: [    0.000000]  gran_size: 64K 	chunk_size: 16M 	num_reg: 8  	lose cover RAM: 0G
Mar 14 11:54:51 cu-cs-vm systemd[1]: Starting Network Time Synchronization...
Mar 14 11:54:51 cu-cs-vm kernel: [    0.000000]  gran_size: 64K 	chunk_size: 32M 	num_reg: 8  	lose cover RAM: 0G
Mar 14 11:54:51 cu-cs-vm kernel: [    0.000000]  gran_size: 64K 	chunk_size: 64M 	num_reg: 8  	lose cover RAM: 0G
Mar 14 11:54:51 cu-cs-vm kernel: [    0.000000]  gran_size: 64K 	chunk_size: 128M 	num_reg: 8  	lose cover RAM: 0G
Mar 14 11:54:51 cu-cs-vm kernel: [    0.000000]  gran_size: 64K 	chunk_size: 256M 	num_reg: 8  	lose cover RAM: 0G
Mar 14 11:54:51 cu-cs-vm kernel: [    0.000000]  gran_size: 64K 	chunk_size: 512M 	num_reg: 8  	lose cover RAM: 0G
Mar 14 11:54:51 cu-cs-vm kernel: [    0.000000]  gran_size: 64K 	chunk_size: 1G 	num_reg: 8  	lose cover RAM: 0G
Mar 14 11:54:51 cu-cs-vm systemd[1]: Starting Update UTMP about System Boot/Shutdown...
Mar 14 11:54:51 cu-cs-vm kernel: [    0.000000]  gran_size: 64K 	chunk_size: 2G 	num_reg: 8  	lose cover RAM: 0G
Mar 14 11:54:51 cu-cs-vm kernel: [    0.000000]  gran_size: 128K 	chunk_size: 128K 	num_reg: 8  	lose cover RAM: 0G
Mar 14 11:54:51 cu-cs-vm kernel: [    0.000000]  gran_size: 128K 	chunk_size: 256K 	num_reg: 8  	lose cover RAM: 0G
Mar 14 11:54:51 cu-cs-vm kernel: [    0.000000]  gran_size: 128K 	chunk_size: 512K 	num_reg: 8  	lose cover RAM: 0G
Mar 14 11:54:51 cu-cs-vm kernel: [    0.000000]  gran_size: 128K 	chunk_size: 1M 	num_reg: 8  	lose cover RAM: 0G
Mar 14 11:54:51 cu-cs-vm kernel: [    0.000000]  gran_size: 128K 	chunk_size: 2M 	num_reg: 8  	lose cover RAM: 0G
Mar 14 11:54:51 cu-cs-vm systemd[1]: Started udev Kernel Device Manager.
Mar 14 11:54:51 cu-cs-vm kernel: [    0.000000]  gran_size: 128K 	chunk_size: 4M 	num_reg: 8  	lose cover RAM: 0G
Mar 14 11:54:51 cu-cs-vm kernel: [    0.000000]  gran_size: 128K 	chunk_size: 8M 	num_reg: 8  	lose cover RAM: 0G
Mar 14 11:54:51 cu-cs-vm kernel: [    0.000000]  gran_size: 128K 	chunk_size: 16M 	num_reg: 8  	lose cover RAM: 0G
Mar 14 11:54:51 cu-cs-vm kernel: [    0.000000]  gran_size: 128K 	chunk_size: 32M 	num_reg: 8  	lose cover RAM: 0G
Mar 14 11:54:51 cu-cs-vm systemd[1]: Started Update UTMP about System Boot/Shutdown.
Mar 14 11:54:51 cu-cs-vm kernel: [    0.000000]  gran_size: 128K 	chunk_size: 64M 	num_reg: 8  	lose cover RAM: 0G
Mar 14 11:54:51 cu-cs-vm kernel: [    0.000000]  gran_size: 128K 	chunk_size: 128M 	num_reg: 8  	lose cover RAM: 0G
Mar 14 11:54:51 cu-cs-vm kernel: [    0.000000]  gran_size: 128K 	chunk_size: 256M 	num_reg: 8  	lose cover RAM: 0G
Mar 14 11:54:51 cu-cs-vm kernel: [    0.000000]  gran_size: 128K 	chunk_size: 512M 	num_reg: 8  	lose cover RAM: 0G
Mar 14 11:54:51 cu-cs-vm kernel: [    0.000000]  gran_size: 128K 	chunk_size: 1G 	num_reg: 8  	lose cover RAM: 0G
Mar 14 11:54:51 cu-cs-vm kernel: [    0.000000]  gran_size: 128K 	chunk_size: 2G 	num_reg: 8  	lose cover RAM: 0G
Mar 14 11:54:51 cu-cs-vm kernel: [    0.000000]  gran_size: 256K 	chunk_size: 256K 	num_reg: 8  	lose cover RAM: 0G
Mar 14 11:54:51 cu-cs-vm kernel: [    0.000000]  gran_size: 256K 	chunk_size: 512K 	num_reg: 8  	lose cover RAM: 0G
Mar 14 11:54:51 cu-cs-vm systemd[1]: Started udev Coldplug all Devices.
Mar 14 11:54:51 cu-cs-vm kernel: [    0.000000]  gran_size: 256K 	chunk_size: 1M 	num_reg: 8  	lose cover RAM: 0G
Mar 14 11:54:51 cu-cs-vm kernel: [    0.000000]  gran_size: 256K 	chunk_size: 2M 	num_reg: 8  	lose cover RAM: 0G
Mar 14 11:54:51 cu-cs-vm kernel: [    0.000000]  gran_size: 256K 	chunk_size: 4M 	num_reg: 8  	lose cover RAM: 0G
Mar 14 11:54:51 cu-cs-vm kernel: [    0.000000]  gran_size: 256K 	chunk_size: 8M 	num_reg: 8  	lose cover RAM: 0G
Mar 14 11:54:51 cu-cs-vm kernel: [    0.000000]  gran_size: 256K 	chunk_size: 16M 	num_reg: 8  	lose cover RAM: 0G
Mar 14 11:54:51 cu-cs-vm kernel: [    0.000000]  gran_size: 256K 	chunk_size: 32M 	num_reg: 8  	lose cover RAM: 0G
Mar 14 11:54:51 cu-cs-vm systemd[1]: Starting Show Plymouth Boot Screen...
Mar 14 11:54:51 cu-cs-vm kernel: [    0.000000]  gran_size: 256K 	chunk_size: 64M 	num_reg: 8  	lose cover RAM: 0G
Mar 14 11:54:51 cu-cs-vm kernel: [    0.000000]  gran_size: 256K 	chunk_size: 128M 	num_reg: 8  	lose cover RAM: 0G
Mar 14 11:54:51 cu-cs-vm kernel: [    0.000000]  gran_size: 256K 	chunk_size: 256M 	num_reg: 8  	lose cover RAM: 0G
Mar 14 11:54:51 cu-cs-vm kernel: [    0.000000]  gran_size: 256K 	chunk_size: 512M 	num_reg: 8  	lose cover RAM: 0G
Mar 14 11:54:51 cu-cs-vm kernel: [    0.000000]  gran_size: 256K 	chunk_size: 1G 	num_reg: 8  	lose cover RAM: 0G
Mar 14 11:54:51 cu-cs-vm systemd[1]: Started Network Time Synchronization.
Mar 14 11:54:51 cu-cs-vm kernel: [    0.000000]  gran_size: 256K 	chunk_size: 2G 	num_reg: 8  	lose cover RAM: 0G
Mar 14 11:54:51 cu-cs-vm kernel: [    0.000000]  gran_size: 512K 	chunk_size: 512K 	num_reg: 8  	lose cover RAM: 0G
Mar 14 11:54:51 cu-cs-vm kernel: [    0.000000]  gran_size: 512K 	chunk_size: 1M 	num_reg: 8  	lose cover RAM: 0G
Mar 14 11:54:51 cu-cs-vm kernel: [    0.000000]  gran_size: 512K 	chunk_size: 2M 	num_reg: 8  	lose cover RAM: 0G
Mar 14 11:54:51 cu-cs-vm kernel: [    0.000000]  gran_size: 512K 	chunk_size: 4M 	num_reg: 8  	lose cover RAM: 0G
Mar 14 11:54:51 cu-cs-vm systemd[1]: Reached target System Time Synchronized.
Mar 14 11:54:51 cu-cs-vm kernel: [    0.000000]  gran_size: 512K 	chunk_size: 8M 	num_reg: 8  	lose cover RAM: 0G
Mar 14 11:54:51 cu-cs-vm kernel: [    0.000000]  gran_size: 512K 	chunk_size: 16M 	num_reg: 8  	lose cover RAM: 0G
Mar 14 11:54:51 cu-cs-vm kernel: [    0.000000]  gran_size: 512K 	chunk_size: 32M 	num_reg: 8  	lose cover RAM: 0G
Mar 14 11:54:51 cu-cs-vm systemd[1]: Started Set console font and keymap.
Mar 14 11:54:51 cu-cs-vm kernel: [    0.000000]  gran_size: 512K 	chunk_size: 64M 	num_reg: 8  	lose cover RAM: 0G
Mar 14 11:54:51 cu-cs-vm systemd[1]: Created slice system-getty.slice.
Mar 14 11:54:51 cu-cs-vm systemd[1]: Started Show Plymouth Boot Screen.
Mar 14 11:54:51 cu-cs-vm systemd[1]: Started Forward Password Requests to Plymouth Directory Watch.
Mar 14 11:54:51 cu-cs-vm apparmor[397]:  * Starting AppArmor profiles
Mar 14 11:54:51 cu-cs-vm mtp-probe: checking bus 2, device 2: "/sys/devices/pci0000:00/0000:00:11.0/0000:02:00.0/usb2/2-1"
Mar 14 11:54:51 cu-cs-vm mtp-probe: bus: 2, device: 2 was not an MTP device
Mar 14 11:54:51 cu-cs-vm mtp-probe: checking bus 1, device 2: "/sys/devices/pci0000:00/0000:00:11.0/0000:02:03.0/usb1/1-1"
Mar 14 11:54:51 cu-cs-vm apparmor[397]: Skipping profile in /etc/apparmor.d/disable: usr.bin.firefox
Mar 14 11:54:51 cu-cs-vm mtp-probe: bus: 1, device: 2 was not an MTP device
Mar 14 11:54:51 cu-cs-vm apparmor[397]: Skipping profile in /etc/apparmor.d/disable: usr.sbin.rsyslogd
Mar 14 11:54:51 cu-cs-vm systemd[1]: Listening on Load/Save RF Kill Switch Status /dev/rfkill Watch.
Mar 14 11:54:51 cu-cs-vm systemd[1]: Starting Load/Save RF Kill Switch Status...
Mar 14 11:54:51 cu-cs-vm apparmor[397]:    ...done.
Mar 14 11:54:51 cu-cs-vm systemd[1]: Started LSB: AppArmor initialization.
Mar 14 11:54:51 cu-cs-vm systemd[1]: Starting Raise network interfaces...
Mar 14 11:54:51 cu-cs-vm systemd[1]: Received SIGRTMIN+20 from PID 504 (plymouthd).
Mar 14 11:54:51 cu-cs-vm systemd[1]: Started Load/Save RF Kill Switch Status.
Mar 14 11:54:51 cu-cs-vm systemd[1]: Started Braille Device Support.
Mar 14 11:54:51 cu-cs-vm systemd[1]: Starting Tell Plymouth To Write Out Runtime Data...
Mar 14 11:54:51 cu-cs-vm systemd[1]: Started Tell Plymouth To Write Out Runtime Data.
Mar 14 11:54:51 cu-cs-vm kernel: [    0.000000]  gran_size: 512K 	chunk_size: 128M 	num_reg: 8  	lose cover RAM: 0G
Mar 14 11:54:51 cu-cs-vm kernel: [    0.000000]  gran_size: 512K 	chunk_size: 256M 	num_reg: 8  	lose cover RAM: 0G
Mar 14 11:54:51 cu-cs-vm kernel: [    0.000000]  gran_size: 512K 	chunk_size: 512M 	num_reg: 8  	lose cover RAM: 0G
Mar 14 11:54:51 cu-cs-vm systemd[1]: Started Raise network interfaces.
Mar 14 11:54:51 cu-cs-vm kernel: [    0.000000]  gran_size: 512K 	chunk_size: 1G 	num_reg: 8  	lose cover RAM: 0G
Mar 14 11:54:51 cu-cs-vm kernel: [    0.000000]  gran_size: 512K 	chunk_size: 2G 	num_reg: 8  	lose cover RAM: 0G
Mar 14 11:54:51 cu-cs-vm kernel: [    0.000000]  gran_size: 1M 	chunk_size: 1M 	num_reg: 8  	lose cover RAM: 0G
Mar 14 11:54:51 cu-cs-vm kernel: [    0.000000]  gran_size: 1M 	chunk_size: 2M 	num_reg: 8  	lose cover RAM: 0G
Mar 14 11:54:51 cu-cs-vm kernel: [    0.000000]  gran_size: 1M 	chunk_size: 4M 	num_reg: 8  	lose cover RAM: 0G
Mar 14 11:54:51 cu-cs-vm kernel: [    0.000000]  gran_size: 1M 	chunk_size: 8M 	num_reg: 8  	lose cover RAM: 0G
Mar 14 11:54:51 cu-cs-vm systemd[1]: Found device VMware_Virtual_S 5.
Mar 14 11:54:51 cu-cs-vm kernel: [    0.000000]  gran_size: 1M 	chunk_size: 16M 	num_reg: 8  	lose cover RAM: 0G
Mar 14 11:54:51 cu-cs-vm kernel: [    0.000000]  gran_size: 1M 	chunk_size: 32M 	num_reg: 8  	lose cover RAM: 0G
Mar 14 11:54:51 cu-cs-vm kernel: [    0.000000]  gran_size: 1M 	chunk_size: 64M 	num_reg: 8  	lose cover RAM: 0G
Mar 14 11:54:51 cu-cs-vm kernel: [    0.000000]  gran_size: 1M 	chunk_size: 128M 	num_reg: 8  	lose cover RAM: 0G
Mar 14 11:54:51 cu-cs-vm kernel: [    0.000000]  gran_size: 1M 	chunk_size: 256M 	num_reg: 8  	lose cover RAM: 0G
Mar 14 11:54:51 cu-cs-vm systemd[1]: Activating swap /dev/disk/by-uuid/4f6f25d8-6004-459b-b46c-f0f3c3d0de9b...
Mar 14 11:54:51 cu-cs-vm kernel: [    0.000000]  gran_size: 1M 	chunk_size: 512M 	num_reg: 8  	lose cover RAM: 0G
Mar 14 11:54:51 cu-cs-vm kernel: [    0.000000]  gran_size: 1M 	chunk_size: 1G 	num_reg: 8  	lose cover RAM: 0G
Mar 14 11:54:51 cu-cs-vm kernel: [    0.000000]  gran_size: 1M 	chunk_size: 2G 	num_reg: 8  	lose cover RAM: 0G
Mar 14 11:54:51 cu-cs-vm kernel: [    0.000000]  gran_size: 2M 	chunk_size: 2M 	num_reg: 8  	lose cover RAM: 0G
Mar 14 11:54:51 cu-cs-vm kernel: [    0.000000]  gran_size: 2M 	chunk_size: 4M 	num_reg: 8  	lose cover RAM: 0G
Mar 14 11:54:51 cu-cs-vm kernel: [    0.000000]  gran_size: 2M 	chunk_size: 8M 	num_reg: 8  	lose cover RAM: 0G
Mar 14 11:54:51 cu-cs-vm systemd[1]: Activated swap /dev/disk/by-uuid/4f6f25d8-6004-459b-b46c-f0f3c3d0de9b.
Mar 14 11:54:51 cu-cs-vm kernel: [    0.000000]  gran_size: 2M 	chunk_size: 16M 	num_reg: 8  	lose cover RAM: 0G
Mar 14 11:54:51 cu-cs-vm kernel: [    0.000000]  gran_size: 2M 	chunk_size: 32M 	num_reg: 8  	lose cover RAM: 0G
Mar 14 11:54:51 cu-cs-vm kernel: [    0.000000]  gran_size: 2M 	chunk_size: 64M 	num_reg: 8  	lose cover RAM: 0G
Mar 14 11:54:51 cu-cs-vm kernel: [    0.000000]  gran_size: 2M 	chunk_size: 128M 	num_reg: 8  	lose cover RAM: 0G
Mar 14 11:54:51 cu-cs-vm kernel: [    0.000000]  gran_size: 2M 	chunk_size: 256M 	num_reg: 8  	lose cover RAM: 0G
Mar 14 11:54:51 cu-cs-vm systemd[1]: Reached target Swap.
Mar 14 11:54:51 cu-cs-vm kernel: [    0.000000]  gran_size: 2M 	chunk_size: 512M 	num_reg: 8  	lose cover RAM: 0G
Mar 14 11:54:51 cu-cs-vm kernel: [    0.000000]  gran_size: 2M 	chunk_size: 1G 	num_reg: 8  	lose cover RAM: 0G
Mar 14 11:54:51 cu-cs-vm kernel: [    0.000000]  gran_size: 2M 	chunk_size: 2G 	num_reg: 8  	lose cover RAM: 0G
Mar 14 11:54:51 cu-cs-vm kernel: [    0.000000]  gran_size: 4M 	chunk_size: 4M 	num_reg: 8  	lose cover RAM: 0G
Mar 14 11:54:51 cu-cs-vm systemd[1]: Reached target System Initialization.
Mar 14 11:54:51 cu-cs-vm kernel: [    0.000000]  gran_size: 4M 	chunk_size: 8M 	num_reg: 8  	lose cover RAM: 0G
Mar 14 11:54:51 cu-cs-vm kernel: [    0.000000]  gran_size: 4M 	chunk_size: 16M 	num_reg: 8  	lose cover RAM: 0G
Mar 14 11:54:51 cu-cs-vm kernel: [    0.000000]  gran_size: 4M 	chunk_size: 32M 	num_reg: 8  	lose cover RAM: 0G
Mar 14 11:54:51 cu-cs-vm kernel: [    0.000000]  gran_size: 4M 	chunk_size: 64M 	num_reg: 8  	lose cover RAM: 0G
Mar 14 11:54:51 cu-cs-vm systemd[1]: Listening on D-Bus System Message Bus Socket.
Mar 14 11:54:51 cu-cs-vm kernel: [    0.000000]  gran_size: 4M 	chunk_size: 128M 	num_reg: 8  	lose cover RAM: 0G
Mar 14 11:54:51 cu-cs-vm kernel: [    0.000000]  gran_size: 4M 	chunk_size: 256M 	num_reg: 8  	lose cover RAM: 0G
Mar 14 11:54:51 cu-cs-vm kernel: [    0.000000]  gran_size: 4M 	chunk_size: 512M 	num_reg: 8  	lose cover RAM: 0G
Mar 14 11:54:51 cu-cs-vm kernel: [    0.000000]  gran_size: 4M 	chunk_size: 1G 	num_reg: 8  	lose cover RAM: 0G
Mar 14 11:54:51 cu-cs-vm kernel: [    0.000000]  gran_size: 4M 	chunk_size: 2G 	num_reg: 8  	lose cover RAM: 0G
Mar 14 11:54:51 cu-cs-vm systemd[1]: Started CUPS Scheduler.
Mar 14 11:54:51 cu-cs-vm kernel: [    0.000000]  gran_size: 8M 	chunk_size: 8M 	num_reg: 8  	lose cover RAM: 0G
Mar 14 11:54:51 cu-cs-vm kernel: [    0.000000]  gran_size: 8M 	chunk_size: 16M 	num_reg: 8  	lose cover RAM: 0G
Mar 14 11:54:51 cu-cs-vm kernel: [    0.000000]  gran_size: 8M 	chunk_size: 32M 	num_reg: 8  	lose cover RAM: 0G
Mar 14 11:54:51 cu-cs-vm kernel: [    0.000000]  gran_size: 8M 	chunk_size: 64M 	num_reg: 8  	lose cover RAM: 0G
Mar 14 11:54:51 cu-cs-vm systemd[1]: Started ACPI Events Check.
Mar 14 11:54:51 cu-cs-vm kernel: [    0.000000]  gran_size: 8M 	chunk_size: 128M 	num_reg: 8  	lose cover RAM: 0G
Mar 14 11:54:51 cu-cs-vm kernel: [    0.000000]  gran_size: 8M 	chunk_size: 256M 	num_reg: 8  	lose cover RAM: 0G
Mar 14 11:54:51 cu-cs-vm kernel: [    0.000000]  gran_size: 8M 	chunk_size: 512M 	num_reg: 8  	lose cover RAM: 0G
Mar 14 11:54:51 cu-cs-vm kernel: [    0.000000]  gran_size: 8M 	chunk_size: 1G 	num_reg: 8  	lose cover RAM: 0G
Mar 14 11:54:51 cu-cs-vm kernel: [    0.000000]  gran_size: 8M 	chunk_size: 2G 	num_reg: 8  	lose cover RAM: 0G
Mar 14 11:54:51 cu-cs-vm kernel: [    0.000000]  gran_size: 16M 	chunk_size: 16M 	num_reg: 8  	lose cover RAM: 0G
Mar 14 11:54:51 cu-cs-vm systemd[1]: Reached target Paths.
Mar 14 11:54:51 cu-cs-vm kernel: [    0.000000]  gran_size: 16M 	chunk_size: 32M 	num_reg: 8  	lose cover RAM: 0G
Mar 14 11:54:51 cu-cs-vm kernel: [    0.000000]  gran_size: 16M 	chunk_size: 64M 	num_reg: 8  	lose cover RAM: 0G
Mar 14 11:54:51 cu-cs-vm systemd[1]: Starting Socket activation for snappy daemon.
Mar 14 11:54:51 cu-cs-vm kernel: [    0.000000]  gran_size: 16M 	chunk_size: 128M 	num_reg: 8  	lose cover RAM: 0G
Mar 14 11:54:51 cu-cs-vm kernel: [    0.000000]  gran_size: 16M 	chunk_size: 256M 	num_reg: 8  	lose cover RAM: 0G
Mar 14 11:54:51 cu-cs-vm kernel: [    0.000000]  gran_size: 16M 	chunk_size: 512M 	num_reg: 8  	lose cover RAM: 0G
Mar 14 11:54:51 cu-cs-vm kernel: [    0.000000]  gran_size: 16M 	chunk_size: 1G 	num_reg: 8  	lose cover RAM: 0G
Mar 14 11:54:51 cu-cs-vm kernel: [    0.000000]  gran_size: 16M 	chunk_size: 2G 	num_reg: 8  	lose cover RAM: 0G
Mar 14 11:54:51 cu-cs-vm systemd[1]: Listening on UUID daemon activation socket.
Mar 14 11:54:51 cu-cs-vm kernel: [    0.000000]  gran_size: 32M 	chunk_size: 32M 	num_reg: 8  	lose cover RAM: 0G
Mar 14 11:54:51 cu-cs-vm kernel: [    0.000000]  gran_size: 32M 	chunk_size: 64M 	num_reg: 8  	lose cover RAM: 0G
Mar 14 11:54:51 cu-cs-vm kernel: [    0.000000]  gran_size: 32M 	chunk_size: 128M 	num_reg: 8  	lose cover RAM: 0G
Mar 14 11:54:51 cu-cs-vm kernel: [    0.000000]  gran_size: 32M 	chunk_size: 256M 	num_reg: 8  	lose cover RAM: 0G
Mar 14 11:54:51 cu-cs-vm kernel: [    0.000000]  gran_size: 32M 	chunk_size: 512M 	num_reg: 8  	lose cover RAM: 0G
Mar 14 11:54:51 cu-cs-vm systemd[1]: Started Daily Cleanup of Temporary Directories.
Mar 14 11:54:51 cu-cs-vm kernel: [    0.000000]  gran_size: 32M 	chunk_size: 1G 	num_reg: 8  	lose cover RAM: 0G
Mar 14 11:54:51 cu-cs-vm kernel: [    0.000000]  gran_size: 32M 	chunk_size: 2G 	num_reg: 8  	lose cover RAM: 0G
Mar 14 11:54:51 cu-cs-vm kernel: [    0.000000]  gran_size: 64M 	chunk_size: 64M 	num_reg: 8  	lose cover RAM: 0G
Mar 14 11:54:51 cu-cs-vm kernel: [    0.000000]  gran_size: 64M 	chunk_size: 128M 	num_reg: 8  	lose cover RAM: 0G
Mar 14 11:54:51 cu-cs-vm systemd[1]: Listening on ACPID Listen Socket.
Mar 14 11:54:51 cu-cs-vm kernel: [    0.000000]  gran_size: 64M 	chunk_size: 256M 	num_reg: 8  	lose cover RAM: 0G
Mar 14 11:54:51 cu-cs-vm kernel: [    0.000000]  gran_size: 64M 	chunk_size: 512M 	num_reg: 8  	lose cover RAM: 0G
Mar 14 11:54:51 cu-cs-vm kernel: [    0.000000]  gran_size: 64M 	chunk_size: 1G 	num_reg: 8  	lose cover RAM: 0G
Mar 14 11:54:51 cu-cs-vm systemd[1]: Listening on CUPS Scheduler.
Mar 14 11:54:51 cu-cs-vm kernel: [    0.000000]  gran_size: 64M 	chunk_size: 2G 	num_reg: 8  	lose cover RAM: 0G
Mar 14 11:54:51 cu-cs-vm kernel: [    0.000000]  gran_size: 128M 	chunk_size: 128M 	num_reg: 8  	lose cover RAM: 0G
Mar 14 11:54:51 cu-cs-vm kernel: [    0.000000]  gran_size: 128M 	chunk_size: 256M 	num_reg: 8  	lose cover RAM: 0G
Mar 14 11:54:51 cu-cs-vm kernel: [    0.000000]  gran_size: 128M 	chunk_size: 512M 	num_reg: 8  	lose cover RAM: 0G
Mar 14 11:54:51 cu-cs-vm kernel: [    0.000000]  gran_size: 128M 	chunk_size: 1G 	num_reg: 8  	lose cover RAM: 0G
Mar 14 11:54:51 cu-cs-vm kernel: [    0.000000]  gran_size: 128M 	chunk_size: 2G 	num_reg: 8  	lose cover RAM: 0G
Mar 14 11:54:51 cu-cs-vm systemd[1]: Started Daily apt download activities.
Mar 14 11:54:51 cu-cs-vm kernel: [    0.000000]  gran_size: 256M 	chunk_size: 256M 	num_reg: 8  	lose cover RAM: 0G
Mar 14 11:54:51 cu-cs-vm kernel: [    0.000000]  gran_size: 256M 	chunk_size: 512M 	num_reg: 8  	lose cover RAM: 0G
Mar 14 11:54:51 cu-cs-vm kernel: [    0.000000]  gran_size: 256M 	chunk_size: 1G 	num_reg: 8  	lose cover RAM: 0G
Mar 14 11:54:51 cu-cs-vm kernel: [    0.000000]  gran_size: 256M 	chunk_size: 2G 	num_reg: 8  	lose cover RAM: 0G
Mar 14 11:54:51 cu-cs-vm kernel: [    0.000000]  gran_size: 512M 	chunk_size: 512M 	num_reg: 8  	lose cover RAM: 0G
Mar 14 11:54:51 cu-cs-vm kernel: [    0.000000]  gran_size: 512M 	chunk_size: 1G 	num_reg: 8  	lose cover RAM: 0G
Mar 14 11:54:51 cu-cs-vm systemd[1]: Started Daily apt upgrade and clean activities.
Mar 14 11:54:51 cu-cs-vm kernel: [    0.000000]  gran_size: 512M 	chunk_size: 2G 	num_reg: 8  	lose cover RAM: 0G
Mar 14 11:54:51 cu-cs-vm kernel: [    0.000000]  gran_size: 1G 	chunk_size: 1G 	num_reg: 8  	lose cover RAM: 0G
Mar 14 11:54:51 cu-cs-vm kernel: [    0.000000]  gran_size: 1G 	chunk_size: 2G 	num_reg: 8  	lose cover RAM: 0G
Mar 14 11:54:51 cu-cs-vm systemd[1]: Reached target Timers.
Mar 14 11:54:51 cu-cs-vm kernel: [    0.000000]  gran_size: 2G 	chunk_size: 2G 	num_reg: 7  	lose cover RAM: 1G
Mar 14 11:54:51 cu-cs-vm kernel: [    0.000000] mtrr_cleanup: can not find optimal value
Mar 14 11:54:51 cu-cs-vm systemd[1]: Listening on Avahi mDNS/DNS-SD Stack Activation Socket.
Mar 14 11:54:51 cu-cs-vm kernel: [    0.000000] please specify mtrr_gran_size/mtrr_chunk_size
Mar 14 11:54:51 cu-cs-vm systemd[1]: Listening on Socket activation for snappy daemon.
Mar 14 11:54:51 cu-cs-vm kernel: [    0.000000] e820: update [mem 0xc0000000-0xffffffff] usable ==> reserved
Mar 14 11:54:51 cu-cs-vm kernel: [    0.000000] e820: last_pfn = 0xc0000 max_arch_pfn = 0x400000000
Mar 14 11:54:51 cu-cs-vm kernel: [    0.000000] found SMP MP-table at [mem 0x000f6a80-0x000f6a8f] mapped at [        (ptrval)]
Mar 14 11:54:51 cu-cs-vm kernel: [    0.000000] Scanning 1 areas for low memory corruption
Mar 14 11:54:51 cu-cs-vm kernel: [    0.000000] Base memory trampoline at [        (ptrval)] 98000 size 24576
Mar 14 11:54:51 cu-cs-vm systemd[1]: Reached target Sockets.
Mar 14 11:54:51 cu-cs-vm kernel: [    0.000000] Using GB pages for direct mapping
Mar 14 11:54:51 cu-cs-vm kernel: [    0.000000] BRK [0x0a940000, 0x0a940fff] PGTABLE
Mar 14 11:54:51 cu-cs-vm kernel: [    0.000000] BRK [0x0a941000, 0x0a941fff] PGTABLE
Mar 14 11:54:51 cu-cs-vm kernel: [    0.000000] BRK [0x0a942000, 0x0a942fff] PGTABLE
Mar 14 11:54:51 cu-cs-vm kernel: [    0.000000] BRK [0x0a943000, 0x0a943fff] PGTABLE
Mar 14 11:54:51 cu-cs-vm kernel: [    0.000000] RAMDISK: [mem 0x31774000-0x34bb1fff]
Mar 14 11:54:51 cu-cs-vm systemd[1]: Reached target Basic System.
Mar 14 11:54:51 cu-cs-vm kernel: [    0.000000] ACPI: Early table checksum verification disabled
Mar 14 11:54:51 cu-cs-vm systemd[1]: Starting Accounts Service...
Mar 14 11:54:51 cu-cs-vm kernel: [    0.000000] ACPI: RSDP 0x00000000000F6A10 000024 (v02 PTLTD )
Mar 14 11:54:51 cu-cs-vm kernel: [    0.000000] ACPI: XSDT 0x00000000BFEDB633 00005C (v01 INTEL  440BX    06040000 VMW  01324272)
Mar 14 11:54:51 cu-cs-vm systemd[1]: Starting Bluetooth service...
Mar 14 11:54:51 cu-cs-vm systemd[1]: Starting Restore /etc/resolv.conf if the system crashed before the ppp link was shut down...
Mar 14 11:54:51 cu-cs-vm systemd[1]: Starting Avahi mDNS/DNS-SD Stack...
Mar 14 11:54:51 cu-cs-vm systemd[1]: Starting LSB: daemon to balance interrupts for SMP systems...
Mar 14 11:54:51 cu-cs-vm systemd[1]: Starting System Logging Service...
Mar 14 11:54:51 cu-cs-vm systemd[1]: Starting Thermal Daemon Service...
Mar 14 11:54:51 cu-cs-vm systemd[1]: Starting LSB: Set the CPU Frequency Scaling governor to "ondemand"...
Mar 14 11:54:51 cu-cs-vm systemd[1]: Starting Detect the available GPUs and deal with any system changes...
Mar 14 11:54:51 cu-cs-vm systemd[1]: Started Authentication service for virtual machines hosted on VMware.
Mar 14 11:54:51 cu-cs-vm systemd[1]: Started uptime record daemon.
Mar 14 11:54:51 cu-cs-vm systemd[1]: Starting Permit User Sessions...
Mar 14 11:54:51 cu-cs-vm systemd[1]: Started ACPI event daemon.
Mar 14 11:54:51 cu-cs-vm systemd[1]: Starting LSB: Record successful boot for GRUB...
Mar 14 11:54:51 cu-cs-vm bluetoothd[852]: Bluetooth daemon 5.37
Mar 14 11:54:51 cu-cs-vm systemd[1]: Started Regular background program processing daemon.
Mar 14 11:54:51 cu-cs-vm systemd[1]: Starting LSB: Execute the kexec -e command to reboot system...
Mar 14 11:54:51 cu-cs-vm systemd[1]: Started CUPS Scheduler.
Mar 14 11:54:51 cu-cs-vm systemd[1]: Started D-Bus System Message Bus.
Mar 14 11:54:51 cu-cs-vm gpu-manager[860]: /etc/modprobe.d is not a file
Mar 14 11:54:51 cu-cs-vm kernel: [    0.000000] ACPI: FACP 0x00000000BFEFEE73 0000F4 (v04 INTEL  440BX    06040000 PTL  000F4240)
Mar 14 11:54:51 cu-cs-vm kernel: [    0.000000] ACPI: DSDT 0x00000000BFEDD5F1 021882 (v01 PTLTD  Custom   06040000 MSFT 03000001)
Mar 14 11:54:51 cu-cs-vm kernel: [    0.000000] ACPI: FACS 0x00000000BFEFFFC0 000040
Mar 14 11:54:51 cu-cs-vm gpu-manager[860]: message repeated 4 times: [ /etc/modprobe.d is not a file]
Mar 14 11:54:51 cu-cs-vm gpu-manager[860]: Error: can't open /lib/modules/4.15.0-46-generic/updates/dkms
Mar 14 11:54:51 cu-cs-vm kernel: [    0.000000] ACPI: FACS 0x00000000BFEFFFC0 000040
Mar 14 11:54:51 cu-cs-vm kernel: [    0.000000] ACPI: BOOT 0x00000000BFEDD5C9 000028 (v01 PTLTD  $SBFTBL$ 06040000  LTP 00000001)
Mar 14 11:54:51 cu-cs-vm kernel: [    0.000000] ACPI: APIC 0x00000000BFEDC8BD 000742 (v01 PTLTD  ? APIC   06040000  LTP 00000000)
Mar 14 11:54:51 cu-cs-vm kernel: [    0.000000] ACPI: MCFG 0x00000000BFEDC881 00003C (v01 PTLTD  $PCITBL$ 06040000  LTP 00000001)
Mar 14 11:54:51 cu-cs-vm kernel: [    0.000000] ACPI: SRAT 0x00000000BFEDB72F 0008D0 (v02 VMWARE MEMPLUG  06040000 VMW  00000001)
Mar 14 11:54:51 cu-cs-vm kernel: [    0.000000] ACPI: HPET 0x00000000BFEDB6F7 000038 (v01 VMWARE VMW HPET 06040000 VMW  00000001)
Mar 14 11:54:51 cu-cs-vm kernel: [    0.000000] ACPI: WAET 0x00000000BFEDB6CF 000028 (v01 VMWARE VMW WAET 06040000 VMW  00000001)
Mar 14 11:54:51 cu-cs-vm kernel: [    0.000000] ACPI: Local APIC address 0xfee00000
Mar 14 11:54:51 cu-cs-vm gpu-manager[860]: Error: can't open /lib/modules/4.15.0-46-generic/updates/dkms
Mar 14 11:54:51 cu-cs-vm avahi-daemon[854]: Found user 'avahi' (UID 111) and group 'avahi' (GID 120).
Mar 14 11:54:51 cu-cs-vm kernel: [    0.000000] system APIC only can use physical flat
Mar 14 11:54:51 cu-cs-vm kernel: [    0.000000] Setting APIC routing to physical flat.
Mar 14 11:54:51 cu-cs-vm kernel: [    0.000000] SRAT: PXM 0 -> APIC 0x00 -> Node 0
Mar 14 11:54:51 cu-cs-vm avahi-daemon[854]: Successfully dropped root privileges.
Mar 14 11:54:51 cu-cs-vm kernel: [    0.000000] SRAT: PXM 0 -> APIC 0x02 -> Node 0
Mar 14 11:54:51 cu-cs-vm kernel: [    0.000000] SRAT: PXM 0 -> APIC 0x04 -> Node 0
Mar 14 11:54:51 cu-cs-vm kernel: [    0.000000] SRAT: PXM 0 -> APIC 0x06 -> Node 0
Mar 14 11:54:51 cu-cs-vm kernel: [    0.000000] SRAT: PXM 0 -> APIC 0x08 -> Node 0
Mar 14 11:54:51 cu-cs-vm kernel: [    0.000000] SRAT: PXM 0 -> APIC 0x0a -> Node 0
Mar 14 11:54:51 cu-cs-vm kernel: [    0.000000] SRAT: PXM 0 -> APIC 0x0c -> Node 0
Mar 14 11:54:51 cu-cs-vm avahi-daemon[854]: avahi-daemon 0.6.32-rc starting up.
Mar 14 11:54:51 cu-cs-vm kernel: [    0.000000] SRAT: PXM 0 -> APIC 0x0e -> Node 0
Mar 14 11:54:51 cu-cs-vm kernel: [    0.000000] SRAT: PXM 0 -> APIC 0x10 -> Node 0
Mar 14 11:54:51 cu-cs-vm kernel: [    0.000000] SRAT: PXM 0 -> APIC 0x12 -> Node 0
Mar 14 11:54:51 cu-cs-vm kernel: [    0.000000] SRAT: PXM 0 -> APIC 0x14 -> Node 0
Mar 14 11:54:51 cu-cs-vm VGAuthService[864]: ** Message: Pref_Init: Using '/etc/vmware-tools/vgauth.conf' as preferences filepath
Mar 14 11:54:51 cu-cs-vm kernel: [    0.000000] SRAT: PXM 0 -> APIC 0x16 -> Node 0
Mar 14 11:54:51 cu-cs-vm kernel: [    0.000000] SRAT: PXM 0 -> APIC 0x18 -> Node 0
Mar 14 11:54:51 cu-cs-vm VGAuthService[864]: ** Message: Core dump limit set to -1
Mar 14 11:54:51 cu-cs-vm kernel: [    0.000000] SRAT: PXM 0 -> APIC 0x1a -> Node 0
Mar 14 11:54:51 cu-cs-vm kernel: [    0.000000] SRAT: PXM 0 -> APIC 0x1c -> Node 0
Mar 14 11:54:51 cu-cs-vm kernel: [    0.000000] SRAT: PXM 0 -> APIC 0x1e -> Node 0
Mar 14 11:54:51 cu-cs-vm kernel: [    0.000000] SRAT: PXM 0 -> APIC 0x20 -> Node 0
Mar 14 11:54:51 cu-cs-vm kernel: [    0.000000] SRAT: PXM 0 -> APIC 0x22 -> Node 0
Mar 14 11:54:51 cu-cs-vm VGAuthService[864]: ** Message: Cannot load message catalog for domain 'VGAuthService', language 'C', catalog dir '.'.
Mar 14 11:54:51 cu-cs-vm kernel: [    0.000000] SRAT: PXM 0 -> APIC 0x24 -> Node 0
Mar 14 11:54:51 cu-cs-vm VGAuthService[864]: ** Message: INIT SERVICE
Mar 14 11:54:51 cu-cs-vm kernel: [    0.000000] SRAT: PXM 0 -> APIC 0x26 -> Node 0
Mar 14 11:54:51 cu-cs-vm kernel: [    0.000000] SRAT: PXM 0 -> APIC 0x28 -> Node 0
Mar 14 11:54:51 cu-cs-vm kernel: [    0.000000] SRAT: PXM 0 -> APIC 0x2a -> Node 0
Mar 14 11:54:51 cu-cs-vm kernel: [    0.000000] SRAT: PXM 0 -> APIC 0x2c -> Node 0
Mar 14 11:54:51 cu-cs-vm kernel: [    0.000000] SRAT: PXM 0 -> APIC 0x2e -> Node 0
Mar 14 11:54:51 cu-cs-vm kernel: [    0.000000] SRAT: PXM 0 -> APIC 0x30 -> Node 0
Mar 14 11:54:51 cu-cs-vm VGAuthService[864]: ** Message: Using '/var/lib/vmware/VGAuth/aliasStore' for alias store root directory
Mar 14 11:54:51 cu-cs-vm kernel: [    0.000000] SRAT: PXM 0 -> APIC 0x32 -> Node 0
Mar 14 11:54:51 cu-cs-vm kernel: [    0.000000] SRAT: PXM 0 -> APIC 0x34 -> Node 0
Mar 14 11:54:51 cu-cs-vm kernel: [    0.000000] SRAT: PXM 0 -> APIC 0x36 -> Node 0
Mar 14 11:54:51 cu-cs-vm kernel: [    0.000000] SRAT: PXM 0 -> APIC 0x38 -> Node 0
Mar 14 11:54:51 cu-cs-vm kernel: [    0.000000] SRAT: PXM 0 -> APIC 0x3a -> Node 0
Mar 14 11:54:51 cu-cs-vm kernel: [    0.000000] SRAT: PXM 0 -> APIC 0x3c -> Node 0
Mar 14 11:54:51 cu-cs-vm kernel: [    0.000000] SRAT: PXM 0 -> APIC 0x3e -> Node 0
Mar 14 11:54:51 cu-cs-vm kernel: [    0.000000] SRAT: PXM 0 -> APIC 0x40 -> Node 0
Mar 14 11:54:51 cu-cs-vm kernel: [    0.000000] SRAT: PXM 0 -> APIC 0x42 -> Node 0
Mar 14 11:54:51 cu-cs-vm kernel: [    0.000000] SRAT: PXM 0 -> APIC 0x44 -> Node 0
Mar 14 11:54:51 cu-cs-vm kernel: [    0.000000] SRAT: PXM 0 -> APIC 0x46 -> Node 0
Mar 14 11:54:51 cu-cs-vm kernel: [    0.000000] SRAT: PXM 0 -> APIC 0x48 -> Node 0
Mar 14 11:54:51 cu-cs-vm kernel: [    0.000000] SRAT: PXM 0 -> APIC 0x4a -> Node 0
Mar 14 11:54:51 cu-cs-vm kernel: [    0.000000] SRAT: PXM 0 -> APIC 0x4c -> Node 0
Mar 14 11:54:51 cu-cs-vm kernel: [    0.000000] SRAT: PXM 0 -> APIC 0x4e -> Node 0
Mar 14 11:54:51 cu-cs-vm kernel: [    0.000000] SRAT: PXM 0 -> APIC 0x50 -> Node 0
Mar 14 11:54:51 cu-cs-vm kernel: [    0.000000] SRAT: PXM 0 -> APIC 0x52 -> Node 0
Mar 14 11:54:51 cu-cs-vm kernel: [    0.000000] SRAT: PXM 0 -> APIC 0x54 -> Node 0
Mar 14 11:54:51 cu-cs-vm kernel: [    0.000000] SRAT: PXM 0 -> APIC 0x56 -> Node 0
Mar 14 11:54:51 cu-cs-vm kernel: [    0.000000] SRAT: PXM 0 -> APIC 0x58 -> Node 0
Mar 14 11:54:51 cu-cs-vm kernel: [    0.000000] SRAT: PXM 0 -> APIC 0x5a -> Node 0
Mar 14 11:54:51 cu-cs-vm kernel: [    0.000000] SRAT: PXM 0 -> APIC 0x5c -> Node 0
Mar 14 11:54:51 cu-cs-vm kernel: [    0.000000] SRAT: PXM 0 -> APIC 0x5e -> Node 0
Mar 14 11:54:51 cu-cs-vm kernel: [    0.000000] SRAT: PXM 0 -> APIC 0x60 -> Node 0
Mar 14 11:54:51 cu-cs-vm kernel: [    0.000000] SRAT: PXM 0 -> APIC 0x62 -> Node 0
Mar 14 11:54:51 cu-cs-vm kernel: [    0.000000] SRAT: PXM 0 -> APIC 0x64 -> Node 0
Mar 14 11:54:51 cu-cs-vm kernel: [    0.000000] SRAT: PXM 0 -> APIC 0x66 -> Node 0
Mar 14 11:54:51 cu-cs-vm kernel: [    0.000000] SRAT: PXM 0 -> APIC 0x68 -> Node 0
Mar 14 11:54:51 cu-cs-vm kernel: [    0.000000] SRAT: PXM 0 -> APIC 0x6a -> Node 0
Mar 14 11:54:51 cu-cs-vm kernel: [    0.000000] SRAT: PXM 0 -> APIC 0x6c -> Node 0
Mar 14 11:54:51 cu-cs-vm kernel: [    0.000000] SRAT: PXM 0 -> APIC 0x6e -> Node 0
Mar 14 11:54:51 cu-cs-vm kernel: [    0.000000] SRAT: PXM 0 -> APIC 0x70 -> Node 0
Mar 14 11:54:51 cu-cs-vm kernel: [    0.000000] SRAT: PXM 0 -> APIC 0x72 -> Node 0
Mar 14 11:54:51 cu-cs-vm kernel: [    0.000000] SRAT: PXM 0 -> APIC 0x74 -> Node 0
Mar 14 11:54:51 cu-cs-vm kernel: [    0.000000] SRAT: PXM 0 -> APIC 0x76 -> Node 0
Mar 14 11:54:51 cu-cs-vm kernel: [    0.000000] SRAT: PXM 0 -> APIC 0x78 -> Node 0
Mar 14 11:54:51 cu-cs-vm kernel: [    0.000000] SRAT: PXM 0 -> APIC 0x7a -> Node 0
Mar 14 11:54:51 cu-cs-vm kernel: [    0.000000] SRAT: PXM 0 -> APIC 0x7c -> Node 0
Mar 14 11:54:51 cu-cs-vm kernel: [    0.000000] SRAT: PXM 0 -> APIC 0x7e -> Node 0
Mar 14 11:54:51 cu-cs-vm kernel: [    0.000000] SRAT: PXM 0 -> APIC 0x80 -> Node 0
Mar 14 11:54:51 cu-cs-vm kernel: [    0.000000] SRAT: PXM 0 -> APIC 0x82 -> Node 0
Mar 14 11:54:51 cu-cs-vm kernel: [    0.000000] SRAT: PXM 0 -> APIC 0x84 -> Node 0
Mar 14 11:54:51 cu-cs-vm kernel: [    0.000000] SRAT: PXM 0 -> APIC 0x86 -> Node 0
Mar 14 11:54:51 cu-cs-vm kernel: [    0.000000] SRAT: PXM 0 -> APIC 0x88 -> Node 0
Mar 14 11:54:51 cu-cs-vm kernel: [    0.000000] SRAT: PXM 0 -> APIC 0x8a -> Node 0
Mar 14 11:54:51 cu-cs-vm kernel: [    0.000000] SRAT: PXM 0 -> APIC 0x8c -> Node 0
Mar 14 11:54:51 cu-cs-vm kernel: [    0.000000] SRAT: PXM 0 -> APIC 0x8e -> Node 0
Mar 14 11:54:51 cu-cs-vm kernel: [    0.000000] SRAT: PXM 0 -> APIC 0x90 -> Node 0
Mar 14 11:54:51 cu-cs-vm kernel: [    0.000000] SRAT: PXM 0 -> APIC 0x92 -> Node 0
Mar 14 11:54:51 cu-cs-vm kernel: [    0.000000] SRAT: PXM 0 -> APIC 0x94 -> Node 0
Mar 14 11:54:51 cu-cs-vm kernel: [    0.000000] SRAT: PXM 0 -> APIC 0x96 -> Node 0
Mar 14 11:54:51 cu-cs-vm kernel: [    0.000000] SRAT: PXM 0 -> APIC 0x98 -> Node 0
Mar 14 11:54:51 cu-cs-vm kernel: [    0.000000] SRAT: PXM 0 -> APIC 0x9a -> Node 0
Mar 14 11:54:51 cu-cs-vm kernel: [    0.000000] SRAT: PXM 0 -> APIC 0x9c -> Node 0
Mar 14 11:54:51 cu-cs-vm kernel: [    0.000000] SRAT: PXM 0 -> APIC 0x9e -> Node 0
Mar 14 11:54:51 cu-cs-vm kernel: [    0.000000] SRAT: PXM 0 -> APIC 0xa0 -> Node 0
Mar 14 11:54:51 cu-cs-vm kernel: [    0.000000] SRAT: PXM 0 -> APIC 0xa2 -> Node 0
Mar 14 11:54:51 cu-cs-vm kernel: [    0.000000] SRAT: PXM 0 -> APIC 0xa4 -> Node 0
Mar 14 11:54:51 cu-cs-vm kernel: [    0.000000] SRAT: PXM 0 -> APIC 0xa6 -> Node 0
Mar 14 11:54:51 cu-cs-vm kernel: [    0.000000] SRAT: PXM 0 -> APIC 0xa8 -> Node 0
Mar 14 11:54:51 cu-cs-vm kernel: [    0.000000] SRAT: PXM 0 -> APIC 0xaa -> Node 0
Mar 14 11:54:51 cu-cs-vm kernel: [    0.000000] SRAT: PXM 0 -> APIC 0xac -> Node 0
Mar 14 11:54:51 cu-cs-vm kernel: [    0.000000] SRAT: PXM 0 -> APIC 0xae -> Node 0
Mar 14 11:54:51 cu-cs-vm kernel: [    0.000000] SRAT: PXM 0 -> APIC 0xb0 -> Node 0
Mar 14 11:54:51 cu-cs-vm kernel: [    0.000000] SRAT: PXM 0 -> APIC 0xb2 -> Node 0
Mar 14 11:54:51 cu-cs-vm kernel: [    0.000000] SRAT: PXM 0 -> APIC 0xb4 -> Node 0
Mar 14 11:54:51 cu-cs-vm kernel: [    0.000000] SRAT: PXM 0 -> APIC 0xb6 -> Node 0
Mar 14 11:54:51 cu-cs-vm kernel: [    0.000000] SRAT: PXM 0 -> APIC 0xb8 -> Node 0
Mar 14 11:54:51 cu-cs-vm kernel: [    0.000000] SRAT: PXM 0 -> APIC 0xba -> Node 0
Mar 14 11:54:51 cu-cs-vm kernel: [    0.000000] SRAT: PXM 0 -> APIC 0xbc -> Node 0
Mar 14 11:54:51 cu-cs-vm kernel: [    0.000000] SRAT: PXM 0 -> APIC 0xbe -> Node 0
Mar 14 11:54:51 cu-cs-vm kernel: [    0.000000] SRAT: PXM 0 -> APIC 0xc0 -> Node 0
Mar 14 11:54:51 cu-cs-vm kernel: [    0.000000] SRAT: PXM 0 -> APIC 0xc2 -> Node 0
Mar 14 11:54:51 cu-cs-vm kernel: [    0.000000] SRAT: PXM 0 -> APIC 0xc4 -> Node 0
Mar 14 11:54:51 cu-cs-vm kernel: [    0.000000] SRAT: PXM 0 -> APIC 0xc6 -> Node 0
Mar 14 11:54:51 cu-cs-vm kernel: [    0.000000] SRAT: PXM 0 -> APIC 0xc8 -> Node 0
Mar 14 11:54:51 cu-cs-vm kernel: [    0.000000] SRAT: PXM 0 -> APIC 0xca -> Node 0
Mar 14 11:54:51 cu-cs-vm kernel: [    0.000000] SRAT: PXM 0 -> APIC 0xcc -> Node 0
Mar 14 11:54:51 cu-cs-vm kernel: [    0.000000] SRAT: PXM 0 -> APIC 0xce -> Node 0
Mar 14 11:54:51 cu-cs-vm kernel: [    0.000000] SRAT: PXM 0 -> APIC 0xd0 -> Node 0
Mar 14 11:54:51 cu-cs-vm kernel: [    0.000000] SRAT: PXM 0 -> APIC 0xd2 -> Node 0
Mar 14 11:54:51 cu-cs-vm kernel: [    0.000000] SRAT: PXM 0 -> APIC 0xd4 -> Node 0
Mar 14 11:54:51 cu-cs-vm kernel: [    0.000000] SRAT: PXM 0 -> APIC 0xd6 -> Node 0
Mar 14 11:54:51 cu-cs-vm kernel: [    0.000000] SRAT: PXM 0 -> APIC 0xd8 -> Node 0
Mar 14 11:54:51 cu-cs-vm kernel: [    0.000000] SRAT: PXM 0 -> APIC 0xda -> Node 0
Mar 14 11:54:51 cu-cs-vm kernel: [    0.000000] SRAT: PXM 0 -> APIC 0xdc -> Node 0
Mar 14 11:54:51 cu-cs-vm kernel: [    0.000000] SRAT: PXM 0 -> APIC 0xde -> Node 0
Mar 14 11:54:51 cu-cs-vm kernel: [    0.000000] SRAT: PXM 0 -> APIC 0xe0 -> Node 0
Mar 14 11:54:51 cu-cs-vm kernel: [    0.000000] SRAT: PXM 0 -> APIC 0xe2 -> Node 0
Mar 14 11:54:51 cu-cs-vm kernel: [    0.000000] SRAT: PXM 0 -> APIC 0xe4 -> Node 0
Mar 14 11:54:51 cu-cs-vm kernel: [    0.000000] SRAT: PXM 0 -> APIC 0xe6 -> Node 0
Mar 14 11:54:51 cu-cs-vm kernel: [    0.000000] SRAT: PXM 0 -> APIC 0xe8 -> Node 0
Mar 14 11:54:51 cu-cs-vm kernel: [    0.000000] SRAT: PXM 0 -> APIC 0xea -> Node 0
Mar 14 11:54:51 cu-cs-vm kernel: [    0.000000] SRAT: PXM 0 -> APIC 0xec -> Node 0
Mar 14 11:54:51 cu-cs-vm kernel: [    0.000000] SRAT: PXM 0 -> APIC 0xee -> Node 0
Mar 14 11:54:51 cu-cs-vm kernel: [    0.000000] SRAT: PXM 0 -> APIC 0xf0 -> Node 0
Mar 14 11:54:51 cu-cs-vm kernel: [    0.000000] SRAT: PXM 0 -> APIC 0xf2 -> Node 0
Mar 14 11:54:51 cu-cs-vm kernel: [    0.000000] SRAT: PXM 0 -> APIC 0xf4 -> Node 0
Mar 14 11:54:51 cu-cs-vm kernel: [    0.000000] SRAT: PXM 0 -> APIC 0xf6 -> Node 0
Mar 14 11:54:51 cu-cs-vm kernel: [    0.000000] SRAT: PXM 0 -> APIC 0xf8 -> Node 0
Mar 14 11:54:51 cu-cs-vm kernel: [    0.000000] SRAT: PXM 0 -> APIC 0xfa -> Node 0
Mar 14 11:54:51 cu-cs-vm kernel: [    0.000000] SRAT: PXM 0 -> APIC 0xfc -> Node 0
Mar 14 11:54:51 cu-cs-vm kernel: [    0.000000] SRAT: PXM 0 -> APIC 0xfe -> Node 0
Mar 14 11:54:51 cu-cs-vm kernel: [    0.000000] ACPI: SRAT: Node 0 PXM 0 [mem 0x00000000-0x0009ffff]
Mar 14 11:54:51 cu-cs-vm kernel: [    0.000000] ACPI: SRAT: Node 0 PXM 0 [mem 0x00100000-0xbfffffff]
Mar 14 11:54:51 cu-cs-vm kernel: [    0.000000] ACPI: SRAT: Node 0 PXM 0 [mem 0x100000000-0x23fffffff]
Mar 14 11:54:51 cu-cs-vm kernel: [    0.000000] ACPI: SRAT: Node 0 PXM 0 [mem 0x240000000-0x203fffffff] hotplug
Mar 14 11:54:51 cu-cs-vm kernel: [    0.000000] NUMA: Node 0 [mem 0x00000000-0x0009ffff] + [mem 0x00100000-0xbfffffff] -> [mem 0x00000000-0xbfffffff]
Mar 14 11:54:51 cu-cs-vm kernel: [    0.000000] NUMA: Node 0 [mem 0x00000000-0xbfffffff] + [mem 0x100000000-0x23fffffff] -> [mem 0x00000000-0x23fffffff]
Mar 14 11:54:51 cu-cs-vm kernel: [    0.000000] NODE_DATA(0) allocated [mem 0x23ffd3000-0x23fffdfff]
Mar 14 11:54:51 cu-cs-vm kernel: [    0.000000] Zone ranges:
Mar 14 11:54:51 cu-cs-vm kernel: [    0.000000]   DMA      [mem 0x0000000000001000-0x0000000000ffffff]
Mar 14 11:54:51 cu-cs-vm kernel: [    0.000000]   DMA32    [mem 0x0000000001000000-0x00000000ffffffff]
Mar 14 11:54:51 cu-cs-vm kernel: [    0.000000]   Normal   [mem 0x0000000100000000-0x000000023fffffff]
Mar 14 11:54:51 cu-cs-vm kernel: [    0.000000]   Device   empty
Mar 14 11:54:51 cu-cs-vm kernel: [    0.000000] Movable zone start for each node
Mar 14 11:54:51 cu-cs-vm kernel: [    0.000000] Early memory node ranges
Mar 14 11:54:51 cu-cs-vm kernel: [    0.000000]   node   0: [mem 0x0000000000001000-0x000000000009dfff]
Mar 14 11:54:51 cu-cs-vm kernel: [    0.000000]   node   0: [mem 0x0000000000100000-0x00000000bfecffff]
Mar 14 11:54:51 cu-cs-vm kernel: [    0.000000]   node   0: [mem 0x00000000bff00000-0x00000000bfffffff]
Mar 14 11:54:51 cu-cs-vm kernel: [    0.000000]   node   0: [mem 0x0000000100000000-0x000000023fffffff]
Mar 14 11:54:51 cu-cs-vm kernel: [    0.000000] Reserved but unavailable: 147 pages
Mar 14 11:54:51 cu-cs-vm kernel: [    0.000000] Initmem setup node 0 [mem 0x0000000000001000-0x000000023fffffff]
Mar 14 11:54:51 cu-cs-vm kernel: [    0.000000] On node 0 totalpages: 2097005
Mar 14 11:54:51 cu-cs-vm kernel: [    0.000000]   DMA zone: 64 pages used for memmap
Mar 14 11:54:51 cu-cs-vm kernel: [    0.000000]   DMA zone: 21 pages reserved
Mar 14 11:54:51 cu-cs-vm kernel: [    0.000000]   DMA zone: 3997 pages, LIFO batch:0
Mar 14 11:54:51 cu-cs-vm kernel: [    0.000000]   DMA32 zone: 12224 pages used for memmap
Mar 14 11:54:51 cu-cs-vm kernel: [    0.000000]   DMA32 zone: 782288 pages, LIFO batch:31
Mar 14 11:54:51 cu-cs-vm kernel: [    0.000000]   Normal zone: 20480 pages used for memmap
Mar 14 11:54:51 cu-cs-vm kernel: [    0.000000]   Normal zone: 1310720 pages, LIFO batch:31
Mar 14 11:54:51 cu-cs-vm kernel: [    0.000000] ACPI: PM-Timer IO Port: 0x1008
Mar 14 11:54:51 cu-cs-vm kernel: [    0.000000] ACPI: Local APIC address 0xfee00000
Mar 14 11:54:51 cu-cs-vm kernel: [    0.000000] system APIC only can use physical flat
Mar 14 11:54:51 cu-cs-vm kernel: [    0.000000] ACPI: LAPIC_NMI (acpi_id[0x00] high edge lint[0x1])
Mar 14 11:54:51 cu-cs-vm kernel: [    0.000000] ACPI: LAPIC_NMI (acpi_id[0x01] high edge lint[0x1])
Mar 14 11:54:51 cu-cs-vm kernel: [    0.000000] ACPI: LAPIC_NMI (acpi_id[0x02] high edge lint[0x1])
Mar 14 11:54:51 cu-cs-vm kernel: [    0.000000] ACPI: LAPIC_NMI (acpi_id[0x03] high edge lint[0x1])
Mar 14 11:54:51 cu-cs-vm kernel: [    0.000000] ACPI: LAPIC_NMI (acpi_id[0x04] high edge lint[0x1])
Mar 14 11:54:51 cu-cs-vm kernel: [    0.000000] ACPI: LAPIC_NMI (acpi_id[0x05] high edge lint[0x1])
Mar 14 11:54:51 cu-cs-vm kernel: [    0.000000] ACPI: LAPIC_NMI (acpi_id[0x06] high edge lint[0x1])
Mar 14 11:54:51 cu-cs-vm kernel: [    0.000000] ACPI: LAPIC_NMI (acpi_id[0x07] high edge lint[0x1])
Mar 14 11:54:51 cu-cs-vm kernel: [    0.000000] ACPI: LAPIC_NMI (acpi_id[0x08] high edge lint[0x1])
Mar 14 11:54:51 cu-cs-vm kernel: [    0.000000] ACPI: LAPIC_NMI (acpi_id[0x09] high edge lint[0x1])
Mar 14 11:54:51 cu-cs-vm kernel: [    0.000000] ACPI: LAPIC_NMI (acpi_id[0x0a] high edge lint[0x1])
Mar 14 11:54:51 cu-cs-vm kernel: [    0.000000] ACPI: LAPIC_NMI (acpi_id[0x0b] high edge lint[0x1])
Mar 14 11:54:51 cu-cs-vm kernel: [    0.000000] ACPI: LAPIC_NMI (acpi_id[0x0c] high edge lint[0x1])
Mar 14 11:54:51 cu-cs-vm kernel: [    0.000000] ACPI: LAPIC_NMI (acpi_id[0x0d] high edge lint[0x1])
Mar 14 11:54:51 cu-cs-vm kernel: [    0.000000] ACPI: LAPIC_NMI (acpi_id[0x0e] high edge lint[0x1])
Mar 14 11:54:51 cu-cs-vm kernel: [    0.000000] ACPI: LAPIC_NMI (acpi_id[0x0f] high edge lint[0x1])
Mar 14 11:54:51 cu-cs-vm kernel: [    0.000000] ACPI: LAPIC_NMI (acpi_id[0x10] high edge lint[0x1])
Mar 14 11:54:51 cu-cs-vm kernel: [    0.000000] ACPI: LAPIC_NMI (acpi_id[0x11] high edge lint[0x1])
Mar 14 11:54:51 cu-cs-vm kernel: [    0.000000] ACPI: LAPIC_NMI (acpi_id[0x12] high edge lint[0x1])
Mar 14 11:54:51 cu-cs-vm kernel: [    0.000000] ACPI: LAPIC_NMI (acpi_id[0x13] high edge lint[0x1])
Mar 14 11:54:51 cu-cs-vm kernel: [    0.000000] ACPI: LAPIC_NMI (acpi_id[0x14] high edge lint[0x1])
Mar 14 11:54:51 cu-cs-vm kernel: [    0.000000] ACPI: LAPIC_NMI (acpi_id[0x15] high edge lint[0x1])
Mar 14 11:54:51 cu-cs-vm kernel: [    0.000000] ACPI: LAPIC_NMI (acpi_id[0x16] high edge lint[0x1])
Mar 14 11:54:51 cu-cs-vm kernel: [    0.000000] ACPI: LAPIC_NMI (acpi_id[0x17] high edge lint[0x1])
Mar 14 11:54:51 cu-cs-vm kernel: [    0.000000] ACPI: LAPIC_NMI (acpi_id[0x18] high edge lint[0x1])
Mar 14 11:54:51 cu-cs-vm kernel: [    0.000000] ACPI: LAPIC_NMI (acpi_id[0x19] high edge lint[0x1])
Mar 14 11:54:51 cu-cs-vm kernel: [    0.000000] ACPI: LAPIC_NMI (acpi_id[0x1a] high edge lint[0x1])
Mar 14 11:54:51 cu-cs-vm kernel: [    0.000000] ACPI: LAPIC_NMI (acpi_id[0x1b] high edge lint[0x1])
Mar 14 11:54:51 cu-cs-vm kernel: [    0.000000] ACPI: LAPIC_NMI (acpi_id[0x1c] high edge lint[0x1])
Mar 14 11:54:51 cu-cs-vm kernel: [    0.000000] ACPI: LAPIC_NMI (acpi_id[0x1d] high edge lint[0x1])
Mar 14 11:54:51 cu-cs-vm kernel: [    0.000000] ACPI: LAPIC_NMI (acpi_id[0x1e] high edge lint[0x1])
Mar 14 11:54:51 cu-cs-vm kernel: [    0.000000] ACPI: LAPIC_NMI (acpi_id[0x1f] high edge lint[0x1])
Mar 14 11:54:51 cu-cs-vm kernel: [    0.000000] ACPI: LAPIC_NMI (acpi_id[0x20] high edge lint[0x1])
Mar 14 11:54:51 cu-cs-vm kernel: [    0.000000] ACPI: LAPIC_NMI (acpi_id[0x21] high edge lint[0x1])
Mar 14 11:54:51 cu-cs-vm kernel: [    0.000000] ACPI: LAPIC_NMI (acpi_id[0x22] high edge lint[0x1])
Mar 14 11:54:51 cu-cs-vm kernel: [    0.000000] ACPI: LAPIC_NMI (acpi_id[0x23] high edge lint[0x1])
Mar 14 11:54:51 cu-cs-vm kernel: [    0.000000] ACPI: LAPIC_NMI (acpi_id[0x24] high edge lint[0x1])
Mar 14 11:54:51 cu-cs-vm kernel: [    0.000000] ACPI: LAPIC_NMI (acpi_id[0x25] high edge lint[0x1])
Mar 14 11:54:51 cu-cs-vm kernel: [    0.000000] ACPI: LAPIC_NMI (acpi_id[0x26] high edge lint[0x1])
Mar 14 11:54:51 cu-cs-vm kernel: [    0.000000] ACPI: LAPIC_NMI (acpi_id[0x27] high edge lint[0x1])
Mar 14 11:54:51 cu-cs-vm kernel: [    0.000000] ACPI: LAPIC_NMI (acpi_id[0x28] high edge lint[0x1])
Mar 14 11:54:51 cu-cs-vm kernel: [    0.000000] ACPI: LAPIC_NMI (acpi_id[0x29] high edge lint[0x1])
Mar 14 11:54:51 cu-cs-vm kernel: [    0.000000] ACPI: LAPIC_NMI (acpi_id[0x2a] high edge lint[0x1])
Mar 14 11:54:51 cu-cs-vm kernel: [    0.000000] ACPI: LAPIC_NMI (acpi_id[0x2b] high edge lint[0x1])
Mar 14 11:54:51 cu-cs-vm kernel: [    0.000000] ACPI: LAPIC_NMI (acpi_id[0x2c] high edge lint[0x1])
Mar 14 11:54:51 cu-cs-vm kernel: [    0.000000] ACPI: LAPIC_NMI (acpi_id[0x2d] high edge lint[0x1])
Mar 14 11:54:51 cu-cs-vm kernel: [    0.000000] ACPI: LAPIC_NMI (acpi_id[0x2e] high edge lint[0x1])
Mar 14 11:54:51 cu-cs-vm kernel: [    0.000000] ACPI: LAPIC_NMI (acpi_id[0x2f] high edge lint[0x1])
Mar 14 11:54:51 cu-cs-vm kernel: [    0.000000] ACPI: LAPIC_NMI (acpi_id[0x30] high edge lint[0x1])
Mar 14 11:54:51 cu-cs-vm kernel: [    0.000000] ACPI: LAPIC_NMI (acpi_id[0x31] high edge lint[0x1])
Mar 14 11:54:51 cu-cs-vm kernel: [    0.000000] ACPI: LAPIC_NMI (acpi_id[0x32] high edge lint[0x1])
Mar 14 11:54:51 cu-cs-vm kernel: [    0.000000] ACPI: LAPIC_NMI (acpi_id[0x33] high edge lint[0x1])
Mar 14 11:54:51 cu-cs-vm kernel: [    0.000000] ACPI: LAPIC_NMI (acpi_id[0x34] high edge lint[0x1])
Mar 14 11:54:51 cu-cs-vm kernel: [    0.000000] ACPI: LAPIC_NMI (acpi_id[0x35] high edge lint[0x1])
Mar 14 11:54:51 cu-cs-vm kernel: [    0.000000] ACPI: LAPIC_NMI (acpi_id[0x36] high edge lint[0x1])
Mar 14 11:54:51 cu-cs-vm kernel: [    0.000000] ACPI: LAPIC_NMI (acpi_id[0x37] high edge lint[0x1])
Mar 14 11:54:51 cu-cs-vm kernel: [    0.000000] ACPI: LAPIC_NMI (acpi_id[0x38] high edge lint[0x1])
Mar 14 11:54:51 cu-cs-vm kernel: [    0.000000] ACPI: LAPIC_NMI (acpi_id[0x39] high edge lint[0x1])
Mar 14 11:54:51 cu-cs-vm kernel: [    0.000000] ACPI: LAPIC_NMI (acpi_id[0x3a] high edge lint[0x1])
Mar 14 11:54:51 cu-cs-vm kernel: [    0.000000] ACPI: LAPIC_NMI (acpi_id[0x3b] high edge lint[0x1])
Mar 14 11:54:51 cu-cs-vm kernel: [    0.000000] ACPI: LAPIC_NMI (acpi_id[0x3c] high edge lint[0x1])
Mar 14 11:54:51 cu-cs-vm kernel: [    0.000000] ACPI: LAPIC_NMI (acpi_id[0x3d] high edge lint[0x1])
Mar 14 11:54:51 cu-cs-vm kernel: [    0.000000] ACPI: LAPIC_NMI (acpi_id[0x3e] high edge lint[0x1])
Mar 14 11:54:51 cu-cs-vm kernel: [    0.000000] ACPI: LAPIC_NMI (acpi_id[0x3f] high edge lint[0x1])
Mar 14 11:54:51 cu-cs-vm kernel: [    0.000000] ACPI: LAPIC_NMI (acpi_id[0x40] high edge lint[0x1])
Mar 14 11:54:51 cu-cs-vm kernel: [    0.000000] ACPI: LAPIC_NMI (acpi_id[0x41] high edge lint[0x1])
Mar 14 11:54:51 cu-cs-vm kernel: [    0.000000] ACPI: LAPIC_NMI (acpi_id[0x42] high edge lint[0x1])
Mar 14 11:54:51 cu-cs-vm kernel: [    0.000000] ACPI: LAPIC_NMI (acpi_id[0x43] high edge lint[0x1])
Mar 14 11:54:51 cu-cs-vm kernel: [    0.000000] ACPI: LAPIC_NMI (acpi_id[0x44] high edge lint[0x1])
Mar 14 11:54:51 cu-cs-vm kernel: [    0.000000] ACPI: LAPIC_NMI (acpi_id[0x45] high edge lint[0x1])
Mar 14 11:54:51 cu-cs-vm kernel: [    0.000000] ACPI: LAPIC_NMI (acpi_id[0x46] high edge lint[0x1])
Mar 14 11:54:51 cu-cs-vm kernel: [    0.000000] ACPI: LAPIC_NMI (acpi_id[0x47] high edge lint[0x1])
Mar 14 11:54:51 cu-cs-vm kernel: [    0.000000] ACPI: LAPIC_NMI (acpi_id[0x48] high edge lint[0x1])
Mar 14 11:54:51 cu-cs-vm kernel: [    0.000000] ACPI: LAPIC_NMI (acpi_id[0x49] high edge lint[0x1])
Mar 14 11:54:51 cu-cs-vm kernel: [    0.000000] ACPI: LAPIC_NMI (acpi_id[0x4a] high edge lint[0x1])
Mar 14 11:54:51 cu-cs-vm kernel: [    0.000000] ACPI: LAPIC_NMI (acpi_id[0x4b] high edge lint[0x1])
Mar 14 11:54:51 cu-cs-vm kernel: [    0.000000] ACPI: LAPIC_NMI (acpi_id[0x4c] high edge lint[0x1])
Mar 14 11:54:51 cu-cs-vm kernel: [    0.000000] ACPI: LAPIC_NMI (acpi_id[0x4d] high edge lint[0x1])
Mar 14 11:54:51 cu-cs-vm kernel: [    0.000000] ACPI: LAPIC_NMI (acpi_id[0x4e] high edge lint[0x1])
Mar 14 11:54:51 cu-cs-vm kernel: [    0.000000] ACPI: LAPIC_NMI (acpi_id[0x4f] high edge lint[0x1])
Mar 14 11:54:51 cu-cs-vm kernel: [    0.000000] ACPI: LAPIC_NMI (acpi_id[0x50] high edge lint[0x1])
Mar 14 11:54:51 cu-cs-vm kernel: [    0.000000] ACPI: LAPIC_NMI (acpi_id[0x51] high edge lint[0x1])
Mar 14 11:54:51 cu-cs-vm kernel: [    0.000000] ACPI: LAPIC_NMI (acpi_id[0x52] high edge lint[0x1])
Mar 14 11:54:51 cu-cs-vm kernel: [    0.000000] ACPI: LAPIC_NMI (acpi_id[0x53] high edge lint[0x1])
Mar 14 11:54:51 cu-cs-vm kernel: [    0.000000] ACPI: LAPIC_NMI (acpi_id[0x54] high edge lint[0x1])
Mar 14 11:54:51 cu-cs-vm kernel: [    0.000000] ACPI: LAPIC_NMI (acpi_id[0x55] high edge lint[0x1])
Mar 14 11:54:51 cu-cs-vm kernel: [    0.000000] ACPI: LAPIC_NMI (acpi_id[0x56] high edge lint[0x1])
Mar 14 11:54:51 cu-cs-vm kernel: [    0.000000] ACPI: LAPIC_NMI (acpi_id[0x57] high edge lint[0x1])
Mar 14 11:54:51 cu-cs-vm kernel: [    0.000000] ACPI: LAPIC_NMI (acpi_id[0x58] high edge lint[0x1])
Mar 14 11:54:51 cu-cs-vm kernel: [    0.000000] ACPI: LAPIC_NMI (acpi_id[0x59] high edge lint[0x1])
Mar 14 11:54:51 cu-cs-vm kernel: [    0.000000] ACPI: LAPIC_NMI (acpi_id[0x5a] high edge lint[0x1])
Mar 14 11:54:51 cu-cs-vm kernel: [    0.000000] ACPI: LAPIC_NMI (acpi_id[0x5b] high edge lint[0x1])
Mar 14 11:54:51 cu-cs-vm kernel: [    0.000000] ACPI: LAPIC_NMI (acpi_id[0x5c] high edge lint[0x1])
Mar 14 11:54:51 cu-cs-vm kernel: [    0.000000] ACPI: LAPIC_NMI (acpi_id[0x5d] high edge lint[0x1])
Mar 14 11:54:51 cu-cs-vm kernel: [    0.000000] ACPI: LAPIC_NMI (acpi_id[0x5e] high edge lint[0x1])
Mar 14 11:54:51 cu-cs-vm kernel: [    0.000000] ACPI: LAPIC_NMI (acpi_id[0x5f] high edge lint[0x1])
Mar 14 11:54:51 cu-cs-vm kernel: [    0.000000] ACPI: LAPIC_NMI (acpi_id[0x60] high edge lint[0x1])
Mar 14 11:54:51 cu-cs-vm kernel: [    0.000000] ACPI: LAPIC_NMI (acpi_id[0x61] high edge lint[0x1])
Mar 14 11:54:51 cu-cs-vm kernel: [    0.000000] ACPI: LAPIC_NMI (acpi_id[0x62] high edge lint[0x1])
Mar 14 11:54:51 cu-cs-vm kernel: [    0.000000] ACPI: LAPIC_NMI (acpi_id[0x63] high edge lint[0x1])
Mar 14 11:54:51 cu-cs-vm kernel: [    0.000000] ACPI: LAPIC_NMI (acpi_id[0x64] high edge lint[0x1])
Mar 14 11:54:51 cu-cs-vm kernel: [    0.000000] ACPI: LAPIC_NMI (acpi_id[0x65] high edge lint[0x1])
Mar 14 11:54:51 cu-cs-vm kernel: [    0.000000] ACPI: LAPIC_NMI (acpi_id[0x66] high edge lint[0x1])
Mar 14 11:54:51 cu-cs-vm kernel: [    0.000000] ACPI: LAPIC_NMI (acpi_id[0x67] high edge lint[0x1])
Mar 14 11:54:51 cu-cs-vm kernel: [    0.000000] ACPI: LAPIC_NMI (acpi_id[0x68] high edge lint[0x1])
Mar 14 11:54:51 cu-cs-vm kernel: [    0.000000] ACPI: LAPIC_NMI (acpi_id[0x69] high edge lint[0x1])
Mar 14 11:54:51 cu-cs-vm kernel: [    0.000000] ACPI: LAPIC_NMI (acpi_id[0x6a] high edge lint[0x1])
Mar 14 11:54:51 cu-cs-vm kernel: [    0.000000] ACPI: LAPIC_NMI (acpi_id[0x6b] high edge lint[0x1])
Mar 14 11:54:51 cu-cs-vm kernel: [    0.000000] ACPI: LAPIC_NMI (acpi_id[0x6c] high edge lint[0x1])
Mar 14 11:54:51 cu-cs-vm kernel: [    0.000000] ACPI: LAPIC_NMI (acpi_id[0x6d] high edge lint[0x1])
Mar 14 11:54:51 cu-cs-vm kernel: [    0.000000] ACPI: LAPIC_NMI (acpi_id[0x6e] high edge lint[0x1])
Mar 14 11:54:51 cu-cs-vm kernel: [    0.000000] ACPI: LAPIC_NMI (acpi_id[0x6f] high edge lint[0x1])
Mar 14 11:54:51 cu-cs-vm kernel: [    0.000000] ACPI: LAPIC_NMI (acpi_id[0x70] high edge lint[0x1])
Mar 14 11:54:51 cu-cs-vm kernel: [    0.000000] ACPI: LAPIC_NMI (acpi_id[0x71] high edge lint[0x1])
Mar 14 11:54:51 cu-cs-vm kernel: [    0.000000] ACPI: LAPIC_NMI (acpi_id[0x72] high edge lint[0x1])
Mar 14 11:54:51 cu-cs-vm kernel: [    0.000000] ACPI: LAPIC_NMI (acpi_id[0x73] high edge lint[0x1])
Mar 14 11:54:51 cu-cs-vm kernel: [    0.000000] ACPI: LAPIC_NMI (acpi_id[0x74] high edge lint[0x1])
Mar 14 11:54:51 cu-cs-vm kernel: [    0.000000] ACPI: LAPIC_NMI (acpi_id[0x75] high edge lint[0x1])
Mar 14 11:54:51 cu-cs-vm kernel: [    0.000000] ACPI: LAPIC_NMI (acpi_id[0x76] high edge lint[0x1])
Mar 14 11:54:51 cu-cs-vm kernel: [    0.000000] ACPI: LAPIC_NMI (acpi_id[0x77] high edge lint[0x1])
Mar 14 11:54:51 cu-cs-vm kernel: [    0.000000] ACPI: LAPIC_NMI (acpi_id[0x78] high edge lint[0x1])
Mar 14 11:54:51 cu-cs-vm kernel: [    0.000000] ACPI: LAPIC_NMI (acpi_id[0x79] high edge lint[0x1])
Mar 14 11:54:51 cu-cs-vm kernel: [    0.000000] ACPI: LAPIC_NMI (acpi_id[0x7a] high edge lint[0x1])
Mar 14 11:54:51 cu-cs-vm kernel: [    0.000000] ACPI: LAPIC_NMI (acpi_id[0x7b] high edge lint[0x1])
Mar 14 11:54:51 cu-cs-vm kernel: [    0.000000] ACPI: LAPIC_NMI (acpi_id[0x7c] high edge lint[0x1])
Mar 14 11:54:51 cu-cs-vm kernel: [    0.000000] ACPI: LAPIC_NMI (acpi_id[0x7d] high edge lint[0x1])
Mar 14 11:54:51 cu-cs-vm kernel: [    0.000000] ACPI: LAPIC_NMI (acpi_id[0x7e] high edge lint[0x1])
Mar 14 11:54:51 cu-cs-vm kernel: [    0.000000] ACPI: LAPIC_NMI (acpi_id[0x7f] high edge lint[0x1])
Mar 14 11:54:51 cu-cs-vm kernel: [    0.000000] IOAPIC[0]: apic_id 1, version 17, address 0xfec00000, GSI 0-23
Mar 14 11:54:51 cu-cs-vm kernel: [    0.000000] ACPI: INT_SRC_OVR (bus 0 bus_irq 0 global_irq 2 high edge)
Mar 14 11:54:51 cu-cs-vm kernel: [    0.000000] ACPI: IRQ0 used by override.
Mar 14 11:54:51 cu-cs-vm kernel: [    0.000000] ACPI: IRQ9 used by override.
Mar 14 11:54:51 cu-cs-vm kernel: [    0.000000] Using ACPI (MADT) for SMP configuration information
Mar 14 11:54:51 cu-cs-vm kernel: [    0.000000] ACPI: HPET id: 0x8086af01 base: 0xfed00000
Mar 14 11:54:51 cu-cs-vm kernel: [    0.000000] smpboot: Allowing 128 CPUs, 124 hotplug CPUs
Mar 14 11:54:51 cu-cs-vm kernel: [    0.000000] PM: Registered nosave memory: [mem 0x00000000-0x00000fff]
Mar 14 11:54:51 cu-cs-vm kernel: [    0.000000] PM: Registered nosave memory: [mem 0x0009e000-0x0009efff]
Mar 14 11:54:51 cu-cs-vm kernel: [    0.000000] PM: Registered nosave memory: [mem 0x0009f000-0x0009ffff]
Mar 14 11:54:51 cu-cs-vm kernel: [    0.000000] PM: Registered nosave memory: [mem 0x000a0000-0x000dbfff]
Mar 14 11:54:51 cu-cs-vm kernel: [    0.000000] PM: Registered nosave memory: [mem 0x000dc000-0x000fffff]
Mar 14 11:54:51 cu-cs-vm kernel: [    0.000000] PM: Registered nosave memory: [mem 0xbfed0000-0xbfefefff]
Mar 14 11:54:51 cu-cs-vm kernel: [    0.000000] PM: Registered nosave memory: [mem 0xbfeff000-0xbfefffff]
Mar 14 11:54:51 cu-cs-vm kernel: [    0.000000] PM: Registered nosave memory: [mem 0xc0000000-0xefffffff]
Mar 14 11:54:51 cu-cs-vm kernel: [    0.000000] PM: Registered nosave memory: [mem 0xf0000000-0xf7ffffff]
Mar 14 11:54:51 cu-cs-vm kernel: [    0.000000] PM: Registered nosave memory: [mem 0xf8000000-0xfebfffff]
Mar 14 11:54:51 cu-cs-vm kernel: [    0.000000] PM: Registered nosave memory: [mem 0xfec00000-0xfec0ffff]
Mar 14 11:54:51 cu-cs-vm kernel: [    0.000000] PM: Registered nosave memory: [mem 0xfec10000-0xfedfffff]
Mar 14 11:54:51 cu-cs-vm kernel: [    0.000000] PM: Registered nosave memory: [mem 0xfee00000-0xfee00fff]
Mar 14 11:54:51 cu-cs-vm kernel: [    0.000000] PM: Registered nosave memory: [mem 0xfee01000-0xfffdffff]
Mar 14 11:54:51 cu-cs-vm kernel: [    0.000000] PM: Registered nosave memory: [mem 0xfffe0000-0xffffffff]
Mar 14 11:54:51 cu-cs-vm kernel: [    0.000000] e820: [mem 0xc0000000-0xefffffff] available for PCI devices
Mar 14 11:54:51 cu-cs-vm kernel: [    0.000000] Booting paravirtualized kernel on VMware hypervisor
Mar 14 11:54:51 cu-cs-vm kernel: [    0.000000] clocksource: refined-jiffies: mask: 0xffffffff max_cycles: 0xffffffff, max_idle_ns: 7645519600211568 ns
Mar 14 11:54:51 cu-cs-vm kernel: [    0.000000] random: get_random_bytes called from start_kernel+0x99/0x51b with crng_init=0
Mar 14 11:54:51 cu-cs-vm kernel: [    0.000000] setup_percpu: NR_CPUS:8192 nr_cpumask_bits:128 nr_cpu_ids:128 nr_node_ids:1
Mar 14 11:54:51 cu-cs-vm kernel: [    0.000000] percpu: Embedded 46 pages/cpu @        (ptrval) s151552 r8192 d28672 u262144
Mar 14 11:54:51 cu-cs-vm kernel: [    0.000000] pcpu-alloc: s151552 r8192 d28672 u262144 alloc=1*2097152
Mar 14 11:54:51 cu-cs-vm kernel: [    0.000000] pcpu-alloc: [0] 000 001 002 003 004 005 006 007 
Mar 14 11:54:51 cu-cs-vm kernel: [    0.000000] pcpu-alloc: [0] 008 009 010 011 012 013 014 015 
Mar 14 11:54:51 cu-cs-vm kernel: [    0.000000] pcpu-alloc: [0] 016 017 018 019 020 021 022 023 
Mar 14 11:54:51 cu-cs-vm kernel: [    0.000000] pcpu-alloc: [0] 024 025 026 027 028 029 030 031 
Mar 14 11:54:51 cu-cs-vm kernel: [    0.000000] pcpu-alloc: [0] 032 033 034 035 036 037 038 039 
Mar 14 11:54:51 cu-cs-vm kernel: [    0.000000] pcpu-alloc: [0] 040 041 042 043 044 045 046 047 
Mar 14 11:54:51 cu-cs-vm kernel: [    0.000000] pcpu-alloc: [0] 048 049 050 051 052 053 054 055 
Mar 14 11:54:51 cu-cs-vm kernel: [    0.000000] pcpu-alloc: [0] 056 057 058 059 060 061 062 063 
Mar 14 11:54:51 cu-cs-vm kernel: [    0.000000] pcpu-alloc: [0] 064 065 066 067 068 069 070 071 
Mar 14 11:54:51 cu-cs-vm kernel: [    0.000000] pcpu-alloc: [0] 072 073 074 075 076 077 078 079 
Mar 14 11:54:51 cu-cs-vm kernel: [    0.000000] pcpu-alloc: [0] 080 081 082 083 084 085 086 087 
Mar 14 11:54:51 cu-cs-vm kernel: [    0.000000] pcpu-alloc: [0] 088 089 090 091 092 093 094 095 
Mar 14 11:54:51 cu-cs-vm kernel: [    0.000000] pcpu-alloc: [0] 096 097 098 099 100 101 102 103 
Mar 14 11:54:51 cu-cs-vm kernel: [    0.000000] pcpu-alloc: [0] 104 105 106 107 108 109 110 111 
Mar 14 11:54:51 cu-cs-vm kernel: [    0.000000] pcpu-alloc: [0] 112 113 114 115 116 117 118 119 
Mar 14 11:54:51 cu-cs-vm kernel: [    0.000000] pcpu-alloc: [0] 120 121 122 123 124 125 126 127 
Mar 14 11:54:51 cu-cs-vm kernel: [    0.000000] Built 1 zonelists, mobility grouping on.  Total pages: 2064216
Mar 14 11:54:51 cu-cs-vm kernel: [    0.000000] Policy zone: Normal
Mar 14 11:54:51 cu-cs-vm kernel: [    0.000000] Kernel command line: BOOT_IMAGE=/boot/vmlinuz-4.15.0-46-generic root=UUID=a7adc8c1-e02a-478b-93ad-c06e060e0176 ro quiet splash
Mar 14 11:54:51 cu-cs-vm kernel: [    0.000000] log_buf_len individual max cpu contribution: 4096 bytes
Mar 14 11:54:51 cu-cs-vm kernel: [    0.000000] log_buf_len total cpu_extra contributions: 520192 bytes
Mar 14 11:54:51 cu-cs-vm kernel: [    0.000000] log_buf_len min size: 262144 bytes
Mar 14 11:54:51 cu-cs-vm kernel: [    0.000000] log_buf_len: 1048576 bytes
Mar 14 11:54:51 cu-cs-vm kernel: [    0.000000] early log buf free: 224356(85%)
Mar 14 11:54:51 cu-cs-vm kernel: [    0.000000] Calgary: detecting Calgary via BIOS EBDA area
Mar 14 11:54:51 cu-cs-vm kernel: [    0.000000] Calgary: Unable to locate Rio Grande table in EBDA - bailing!
Mar 14 11:54:51 cu-cs-vm kernel: [    0.000000] Memory: 8084596K/8388020K available (12300K kernel code, 2472K rwdata, 4264K rodata, 2408K init, 2416K bss, 303424K reserved, 0K cma-reserved)
Mar 14 11:54:51 cu-cs-vm kernel: [    0.000000] SLUB: HWalign=64, Order=0-3, MinObjects=0, CPUs=128, Nodes=1
Mar 14 11:54:51 cu-cs-vm kernel: [    0.000000] Kernel/User page tables isolation: enabled
Mar 14 11:54:51 cu-cs-vm kernel: [    0.000000] ftrace: allocating 39204 entries in 154 pages
Mar 14 11:54:51 cu-cs-vm kernel: [    0.004000] Hierarchical RCU implementation.
Mar 14 11:54:51 cu-cs-vm kernel: [    0.004000] 	RCU restricting CPUs from NR_CPUS=8192 to nr_cpu_ids=128.
Mar 14 11:54:51 cu-cs-vm kernel: [    0.004000] 	Tasks RCU enabled.
Mar 14 11:54:51 cu-cs-vm kernel: [    0.004000] RCU: Adjusting geometry for rcu_fanout_leaf=16, nr_cpu_ids=128
Mar 14 11:54:51 cu-cs-vm kernel: [    0.004000] NR_IRQS: 524544, nr_irqs: 1448, preallocated irqs: 16
Mar 14 11:54:51 cu-cs-vm kernel: [    0.004000] Console: colour VGA+ 80x25
Mar 14 11:54:51 cu-cs-vm kernel: [    0.004000] console [tty0] enabled
Mar 14 11:54:51 cu-cs-vm kernel: [    0.004000] ACPI: Core revision 20170831
Mar 14 11:54:51 cu-cs-vm kernel: [    0.004000] ACPI: 1 ACPI AML tables successfully acquired and loaded
Mar 14 11:54:51 cu-cs-vm kernel: [    0.004000] clocksource: hpet: mask: 0xffffffff max_cycles: 0xffffffff, max_idle_ns: 133484882848 ns
Mar 14 11:54:51 cu-cs-vm kernel: [    0.004000] hpet clockevent registered
Mar 14 11:54:51 cu-cs-vm kernel: [    0.004000] APIC: Switch to symmetric I/O mode setup
Mar 14 11:54:51 cu-cs-vm kernel: [    0.004000] x2apic enabled
Mar 14 11:54:51 cu-cs-vm kernel: [    0.004000] Switched APIC routing to physical x2apic.
Mar 14 11:54:51 cu-cs-vm kernel: [    0.004000] ..TIMER: vector=0x30 apic1=0 pin1=2 apic2=-1 pin2=-1
Mar 14 11:54:51 cu-cs-vm kernel: [    0.004000] tsc: Detected 2903.694 MHz processor
Mar 14 11:54:51 cu-cs-vm rsyslogd-2039: Could not open output pipe '/dev/xconsole':: No such file or directory [v8.16.0 try http://www.rsyslog.com/e/2039 ]
Mar 14 11:54:51 cu-cs-vm kernel: [    0.004000] Calibrating delay loop (skipped) preset value.. 5807.38 BogoMIPS (lpj=11614776)
Mar 14 11:54:51 cu-cs-vm kernel: [    0.004000] pid_max: default: 131072 minimum: 1024
Mar 14 11:54:51 cu-cs-vm kernel: [    0.004000] Security Framework initialized
Mar 14 11:54:51 cu-cs-vm kernel: [    0.004000] Yama: becoming mindful.
Mar 14 11:54:51 cu-cs-vm kernel: [    0.010493] AppArmor: AppArmor initialized
Mar 14 11:54:51 cu-cs-vm kernel: [    0.075186] Dentry cache hash table entries: 1048576 (order: 11, 8388608 bytes)
Mar 14 11:54:51 cu-cs-vm kernel: [    0.107556] Inode-cache hash table entries: 524288 (order: 10, 4194304 bytes)
Mar 14 11:54:51 cu-cs-vm kernel: [    0.108608] Mount-cache hash table entries: 16384 (order: 5, 131072 bytes)
Mar 14 11:54:51 cu-cs-vm kernel: [    0.109614] Mountpoint-cache hash table entries: 16384 (order: 5, 131072 bytes)
Mar 14 11:54:51 cu-cs-vm kernel: [    0.110783] Disabled fast string operations
Mar 14 11:54:51 cu-cs-vm kernel: [    0.110799] mce: CPU supports 0 MCE banks
Mar 14 11:54:51 cu-cs-vm kernel: [    0.110807] Last level iTLB entries: 4KB 64, 2MB 8, 4MB 8
Mar 14 11:54:51 cu-cs-vm kernel: [    0.110808] Last level dTLB entries: 4KB 64, 2MB 0, 4MB 0, 1GB 4
Mar 14 11:54:51 cu-cs-vm kernel: [    0.110809] Spectre V2 : Mitigation: Full generic retpoline
Mar 14 11:54:51 cu-cs-vm kernel: [    0.110810] Spectre V2 : Spectre v2 / SpectreRSB mitigation: Filling RSB on context switch
Mar 14 11:54:51 cu-cs-vm kernel: [    0.110810] Spectre V2 : Spectre v2 mitigation: Enabling Indirect Branch Prediction Barrier
Mar 14 11:54:51 cu-cs-vm rsyslogd-2007: action 'action 10' suspended, next retry is Thu Mar 14 11:55:21 2019 [v8.16.0 try http://www.rsyslog.com/e/2007 ]
Mar 14 11:54:51 cu-cs-vm kernel: [    0.110810] Spectre V2 : Enabling Restricted Speculation for firmware calls
Mar 14 11:54:51 cu-cs-vm kernel: [    0.110811] Speculative Store Bypass: Mitigation: Speculative Store Bypass disabled via prctl and seccomp
Mar 14 11:54:51 cu-cs-vm kernel: [    0.110926] Freeing SMP alternatives memory: 36K
Mar 14 11:54:51 cu-cs-vm kernel: [    0.113554] TSC deadline timer enabled
Mar 14 11:54:51 cu-cs-vm kernel: [    0.113590] smpboot: CPU0: Intel(R) Core(TM) i9-8950HK CPU @ 2.90GHz (family: 0x6, model: 0x9e, stepping: 0xa)
Mar 14 11:54:51 cu-cs-vm kernel: [    0.114317] Performance Events: Skylake events, core PMU driver.
Mar 14 11:54:51 cu-cs-vm kernel: [    0.114340] core: CPUID marked event: 'cpu cycles' unavailable
Mar 14 11:54:51 cu-cs-vm kernel: [    0.114341] core: CPUID marked event: 'instructions' unavailable
Mar 14 11:54:51 cu-cs-vm kernel: [    0.114341] core: CPUID marked event: 'bus cycles' unavailable
Mar 14 11:54:51 cu-cs-vm kernel: [    0.114341] core: CPUID marked event: 'cache references' unavailable
Mar 14 11:54:51 cu-cs-vm kernel: [    0.114342] core: CPUID marked event: 'cache misses' unavailable
Mar 14 11:54:51 cu-cs-vm kernel: [    0.114342] core: CPUID marked event: 'branch instructions' unavailable
Mar 14 11:54:51 cu-cs-vm kernel: [    0.114342] core: CPUID marked event: 'branch misses' unavailable
Mar 14 11:54:51 cu-cs-vm kernel: [    0.114344] ... version:                1
Mar 14 11:54:51 cu-cs-vm kernel: [    0.114345] ... bit width:              48
Mar 14 11:54:51 cu-cs-vm kernel: [    0.114345] ... generic registers:      4
Mar 14 11:54:51 cu-cs-vm kernel: [    0.114345] ... value mask:             0000ffffffffffff
Mar 14 11:54:51 cu-cs-vm kernel: [    0.114346] ... max period:             000000007fffffff
Mar 14 11:54:51 cu-cs-vm kernel: [    0.114346] ... fixed-purpose events:   0
Mar 14 11:54:51 cu-cs-vm kernel: [    0.114346] ... event mask:             000000000000000f
Mar 14 11:54:51 cu-cs-vm kernel: [    0.114467] Hierarchical SRCU implementation.
Mar 14 11:54:51 cu-cs-vm kernel: [    0.115330] NMI watchdog: Perf event create on CPU 0 failed with -2
Mar 14 11:54:51 cu-cs-vm kernel: [    0.115331] NMI watchdog: Perf NMI watchdog permanently disabled
Mar 14 11:54:51 cu-cs-vm kernel: [    0.133930] smp: Bringing up secondary CPUs ...
Mar 14 11:54:51 cu-cs-vm kernel: [    0.134982] x86: Booting SMP configuration:
Mar 14 11:54:51 cu-cs-vm kernel: [    0.134983] .... node  #0, CPUs:          #1
Mar 14 11:54:51 cu-cs-vm kernel: [    0.004000] Disabled fast string operations
Mar 14 11:54:51 cu-cs-vm kernel: [    0.004000] mce: CPU supports 0 MCE banks
Mar 14 11:54:51 cu-cs-vm kernel: [    0.004000] smpboot: CPU 1 Converting physical 2 to logical package 1
Mar 14 11:54:51 cu-cs-vm kernel: [    0.137795]    #2
Mar 14 11:54:51 cu-cs-vm kernel: [    0.004000] Disabled fast string operations
Mar 14 11:54:51 cu-cs-vm kernel: [    0.004000] mce: CPU supports 0 MCE banks
Mar 14 11:54:51 cu-cs-vm kernel: [    0.004000] smpboot: CPU 2 Converting physical 4 to logical package 2
Mar 14 11:54:51 cu-cs-vm kernel: [    0.140014]    #3
Mar 14 11:54:51 cu-cs-vm kernel: [    0.004000] Disabled fast string operations
Mar 14 11:54:51 cu-cs-vm kernel: [    0.004000] mce: CPU supports 0 MCE banks
Mar 14 11:54:51 cu-cs-vm kernel: [    0.004000] smpboot: CPU 3 Converting physical 6 to logical package 3
Mar 14 11:54:51 cu-cs-vm kernel: [    0.140954] smp: Brought up 1 node, 4 CPUs
Mar 14 11:54:51 cu-cs-vm kernel: [    0.140954] smpboot: Max logical packages: 128
Mar 14 11:54:51 cu-cs-vm kernel: [    0.140954] smpboot: Total of 4 processors activated (23229.55 BogoMIPS)
Mar 14 11:54:51 cu-cs-vm kernel: [    0.144003] devtmpfs: initialized
Mar 14 11:54:51 cu-cs-vm kernel: [    0.144155] x86/mm: Memory block size: 128MB
Mar 14 11:54:51 cu-cs-vm kernel: [    0.147052] evm: security.selinux
Mar 14 11:54:51 cu-cs-vm kernel: [    0.147053] evm: security.SMACK64
Mar 14 11:54:51 cu-cs-vm kernel: [    0.147053] evm: security.SMACK64EXEC
Mar 14 11:54:51 cu-cs-vm kernel: [    0.147053] evm: security.SMACK64TRANSMUTE
Mar 14 11:54:51 cu-cs-vm kernel: [    0.147054] evm: security.SMACK64MMAP
Mar 14 11:54:51 cu-cs-vm kernel: [    0.147054] evm: security.apparmor
Mar 14 11:54:51 cu-cs-vm kernel: [    0.147054] evm: security.ima
Mar 14 11:54:51 cu-cs-vm kernel: [    0.147054] evm: security.capability
Mar 14 11:54:51 cu-cs-vm kernel: [    0.148030] PM: Registering ACPI NVS region [mem 0xbfeff000-0xbfefffff] (4096 bytes)
Mar 14 11:54:51 cu-cs-vm kernel: [    0.148317] clocksource: jiffies: mask: 0xffffffff max_cycles: 0xffffffff, max_idle_ns: 7645041785100000 ns
Mar 14 11:54:51 cu-cs-vm kernel: [    0.148317] futex hash table entries: 32768 (order: 9, 2097152 bytes)
Mar 14 11:54:51 cu-cs-vm kernel: [    0.163883] pinctrl core: initialized pinctrl subsystem
Mar 14 11:54:51 cu-cs-vm kernel: [    0.164161] RTC time: 17:54:45, date: 03/14/19
Mar 14 11:54:51 cu-cs-vm kernel: [    0.165915] NET: Registered protocol family 16
Mar 14 11:54:51 cu-cs-vm kernel: [    0.166026] audit: initializing netlink subsys (disabled)
Mar 14 11:54:51 cu-cs-vm kernel: [    0.166499] audit: type=2000 audit(1552586085.164:1): state=initialized audit_enabled=0 res=1
Mar 14 11:54:51 cu-cs-vm kernel: [    0.166499] cpuidle: using governor ladder
Mar 14 11:54:51 cu-cs-vm kernel: [    0.166499] cpuidle: using governor menu
Mar 14 11:54:51 cu-cs-vm kernel: [    0.166499] Simple Boot Flag at 0x36 set to 0x80
Mar 14 11:54:51 cu-cs-vm kernel: [    0.166499] ACPI: bus type PCI registered
Mar 14 11:54:51 cu-cs-vm kernel: [    0.166499] acpiphp: ACPI Hot Plug PCI Controller Driver version: 0.5
Mar 14 11:54:51 cu-cs-vm kernel: [    0.166499] PCI: MMCONFIG for domain 0000 [bus 00-7f] at [mem 0xf0000000-0xf7ffffff] (base 0xf0000000)
Mar 14 11:54:51 cu-cs-vm kernel: [    0.166499] PCI: MMCONFIG at [mem 0xf0000000-0xf7ffffff] reserved in E820
Mar 14 11:54:51 cu-cs-vm kernel: [    0.166499] pmd_set_huge: Cannot satisfy [mem 0xf0000000-0xf0200000] with a huge-page mapping due to MTRR override.
Mar 14 11:54:51 cu-cs-vm kernel: [    0.169679] PCI: Using configuration type 1 for base access
Mar 14 11:54:51 cu-cs-vm kernel: [    0.172538] HugeTLB registered 1.00 GiB page size, pre-allocated 0 pages
Mar 14 11:54:51 cu-cs-vm kernel: [    0.172538] HugeTLB registered 2.00 MiB page size, pre-allocated 0 pages
Mar 14 11:54:51 cu-cs-vm kernel: [    0.172538] ACPI: Added _OSI(Module Device)
Mar 14 11:54:51 cu-cs-vm kernel: [    0.172538] ACPI: Added _OSI(Processor Device)
Mar 14 11:54:51 cu-cs-vm kernel: [    0.172538] ACPI: Added _OSI(3.0 _SCP Extensions)
Mar 14 11:54:51 cu-cs-vm kernel: [    0.172538] ACPI: Added _OSI(Processor Aggregator Device)
Mar 14 11:54:51 cu-cs-vm kernel: [    0.172538] ACPI: Added _OSI(Linux-Dell-Video)
Mar 14 11:54:51 cu-cs-vm kernel: [    0.172538] ACPI: Added _OSI(Linux-Lenovo-NV-HDMI-Audio)
Mar 14 11:54:51 cu-cs-vm kernel: [    0.172538] ACPI: Added _OSI(Linux-HPI-Hybrid-Graphics)
Mar 14 11:54:51 cu-cs-vm kernel: [    0.180541] ACPI: [Firmware Bug]: BIOS _OSI(Linux) query ignored
Mar 14 11:54:51 cu-cs-vm kernel: [    0.207715] ACPI: Interpreter enabled
Mar 14 11:54:51 cu-cs-vm kernel: [    0.207726] ACPI: (supports S0 S1 S4 S5)
Mar 14 11:54:51 cu-cs-vm kernel: [    0.207727] ACPI: Using IOAPIC for interrupt routing
Mar 14 11:54:51 cu-cs-vm kernel: [    0.207748] PCI: Using host bridge windows from ACPI; if necessary, use "pci=nocrs" and report a bug
Mar 14 11:54:51 cu-cs-vm kernel: [    0.209388] ACPI: Enabled 4 GPEs in block 00 to 0F
Mar 14 11:54:51 cu-cs-vm kernel: [    0.542338] ACPI: PCI Root Bridge [PCI0] (domain 0000 [bus 00-7f])
Mar 14 11:54:51 cu-cs-vm kernel: [    0.542345] acpi PNP0A03:00: _OSC: OS supports [ExtendedConfig ASPM ClockPM Segments MSI]
Mar 14 11:54:51 cu-cs-vm kernel: [    0.542580] acpi PNP0A03:00: _OSC: platform does not support [AER]
Mar 14 11:54:51 cu-cs-vm kernel: [    0.542816] acpi PNP0A03:00: _OSC: OS now controls [PCIeHotplug PME PCIeCapability]
Mar 14 11:54:51 cu-cs-vm kernel: [    0.545713] PCI host bridge to bus 0000:00
Mar 14 11:54:51 cu-cs-vm kernel: [    0.545715] pci_bus 0000:00: root bus resource [mem 0x000a0000-0x000bffff window]
Mar 14 11:54:51 cu-cs-vm kernel: [    0.545716] pci_bus 0000:00: root bus resource [mem 0x000d0000-0x000d3fff window]
Mar 14 11:54:51 cu-cs-vm kernel: [    0.545717] pci_bus 0000:00: root bus resource [mem 0x000d4000-0x000d7fff window]
Mar 14 11:54:51 cu-cs-vm kernel: [    0.545718] pci_bus 0000:00: root bus resource [mem 0x000d8000-0x000dbfff window]
Mar 14 11:54:51 cu-cs-vm kernel: [    0.545719] pci_bus 0000:00: root bus resource [mem 0xc0000000-0xfebfffff window]
Mar 14 11:54:51 cu-cs-vm kernel: [    0.545720] pci_bus 0000:00: root bus resource [io  0x0000-0x0cf7 window]
Mar 14 11:54:51 cu-cs-vm kernel: [    0.545721] pci_bus 0000:00: root bus resource [io  0x0d00-0xfeff window]
Mar 14 11:54:51 cu-cs-vm kernel: [    0.545722] pci_bus 0000:00: root bus resource [bus 00-7f]
Mar 14 11:54:51 cu-cs-vm kernel: [    0.545800] pci 0000:00:00.0: [8086:7190] type 00 class 0x060000
Mar 14 11:54:51 cu-cs-vm kernel: [    0.546824] pci 0000:00:01.0: [8086:7191] type 01 class 0x060400
Mar 14 11:54:51 cu-cs-vm kernel: [    0.547709] pci 0000:00:07.0: [8086:7110] type 00 class 0x060100
Mar 14 11:54:51 cu-cs-vm kernel: [    0.548893] pci 0000:00:07.1: [8086:7111] type 00 class 0x01018a
Mar 14 11:54:51 cu-cs-vm kernel: [    0.551484] pci 0000:00:07.1: reg 0x20: [io  0x1060-0x106f]
Mar 14 11:54:51 cu-cs-vm kernel: [    0.552332] pci 0000:00:07.1: legacy IDE quirk: reg 0x10: [io  0x01f0-0x01f7]
Mar 14 11:54:51 cu-cs-vm kernel: [    0.552333] pci 0000:00:07.1: legacy IDE quirk: reg 0x14: [io  0x03f6]
Mar 14 11:54:51 cu-cs-vm kernel: [    0.552333] pci 0000:00:07.1: legacy IDE quirk: reg 0x18: [io  0x0170-0x0177]
Mar 14 11:54:51 cu-cs-vm kernel: [    0.552334] pci 0000:00:07.1: legacy IDE quirk: reg 0x1c: [io  0x0376]
Mar 14 11:54:51 cu-cs-vm kernel: [    0.552726] pci 0000:00:07.3: [8086:7113] type 00 class 0x068000
Mar 14 11:54:51 cu-cs-vm kernel: [    0.555694] pci 0000:00:07.3: quirk: [io  0x1000-0x103f] claimed by PIIX4 ACPI
Mar 14 11:54:51 cu-cs-vm kernel: [    0.555713] pci 0000:00:07.3: quirk: [io  0x1040-0x104f] claimed by PIIX4 SMB
Mar 14 11:54:51 cu-cs-vm kernel: [    0.556521] pci 0000:00:07.7: [15ad:0740] type 00 class 0x088000
Mar 14 11:54:51 cu-cs-vm kernel: [    0.557585] pci 0000:00:07.7: reg 0x10: [io  0x1080-0x10bf]
Mar 14 11:54:51 cu-cs-vm kernel: [    0.558448] pci 0000:00:07.7: reg 0x14: [mem 0xfebfe000-0xfebfffff 64bit]
Mar 14 11:54:51 cu-cs-vm kernel: [    0.562442] pci 0000:00:0f.0: [15ad:0405] type 00 class 0x030000
Mar 14 11:54:51 cu-cs-vm kernel: [    0.564005] pci 0000:00:0f.0: reg 0x10: [io  0x1070-0x107f]
Mar 14 11:54:51 cu-cs-vm kernel: [    0.566304] pci 0000:00:0f.0: reg 0x14: [mem 0xe8000000-0xefffffff pref]
Mar 14 11:54:51 cu-cs-vm kernel: [    0.568008] pci 0000:00:0f.0: reg 0x18: [mem 0xfe000000-0xfe7fffff]
Mar 14 11:54:51 cu-cs-vm kernel: [    0.575966] pci 0000:00:0f.0: reg 0x30: [mem 0x00000000-0x00007fff pref]
Mar 14 11:54:51 cu-cs-vm kernel: [    0.576738] pci 0000:00:10.0: [1000:0030] type 00 class 0x010000
Mar 14 11:54:51 cu-cs-vm kernel: [    0.578092] pci 0000:00:10.0: reg 0x10: [io  0x1400-0x14ff]
Mar 14 11:54:51 cu-cs-vm kernel: [    0.579227] pci 0000:00:10.0: reg 0x14: [mem 0xfeba0000-0xfebbffff 64bit]
Mar 14 11:54:51 cu-cs-vm kernel: [    0.580004] pci 0000:00:10.0: reg 0x1c: [mem 0xfebc0000-0xfebdffff 64bit]
Mar 14 11:54:51 cu-cs-vm kernel: [    0.582305] pci 0000:00:10.0: reg 0x30: [mem 0x00000000-0x00003fff pref]
Mar 14 11:54:51 cu-cs-vm kernel: [    0.582827] pci 0000:00:11.0: [15ad:0790] type 01 class 0x060401
Mar 14 11:54:51 cu-cs-vm kernel: [    0.583974] pci 0000:00:15.0: [15ad:07a0] type 01 class 0x060400
Mar 14 11:54:51 cu-cs-vm kernel: [    0.585005] pci 0000:00:15.0: PME# supported from D0 D3hot D3cold
Mar 14 11:54:51 cu-cs-vm kernel: [    0.585440] pci 0000:00:15.1: [15ad:07a0] type 01 class 0x060400
Mar 14 11:54:51 cu-cs-vm kernel: [    0.586578] pci 0000:00:15.1: PME# supported from D0 D3hot D3cold
Mar 14 11:54:51 cu-cs-vm kernel: [    0.587133] pci 0000:00:15.2: [15ad:07a0] type 01 class 0x060400
Mar 14 11:54:51 cu-cs-vm kernel: [    0.588262] pci 0000:00:15.2: PME# supported from D0 D3hot D3cold
Mar 14 11:54:51 cu-cs-vm kernel: [    0.588822] pci 0000:00:15.3: [15ad:07a0] type 01 class 0x060400
Mar 14 11:54:51 cu-cs-vm kernel: [    0.590215] pci 0000:00:15.3: PME# supported from D0 D3hot D3cold
Mar 14 11:54:51 cu-cs-vm kernel: [    0.590889] pci 0000:00:15.4: [15ad:07a0] type 01 class 0x060400
Mar 14 11:54:51 cu-cs-vm kernel: [    0.592080] pci 0000:00:15.4: PME# supported from D0 D3hot D3cold
Mar 14 11:54:51 cu-cs-vm kernel: [    0.592531] pci 0000:00:15.5: [15ad:07a0] type 01 class 0x060400
Mar 14 11:54:51 cu-cs-vm kernel: [    0.593755] pci 0000:00:15.5: PME# supported from D0 D3hot D3cold
Mar 14 11:54:51 cu-cs-vm kernel: [    0.594212] pci 0000:00:15.6: [15ad:07a0] type 01 class 0x060400
Mar 14 11:54:51 cu-cs-vm kernel: [    0.595349] pci 0000:00:15.6: PME# supported from D0 D3hot D3cold
Mar 14 11:54:51 cu-cs-vm kernel: [    0.595837] pci 0000:00:15.7: [15ad:07a0] type 01 class 0x060400
Mar 14 11:54:51 cu-cs-vm kernel: [    0.597691] pci 0000:00:15.7: PME# supported from D0 D3hot D3cold
Mar 14 11:54:51 cu-cs-vm kernel: [    0.598818] pci 0000:00:16.0: [15ad:07a0] type 01 class 0x060400
Mar 14 11:54:51 cu-cs-vm kernel: [    0.600867] pci 0000:00:16.0: PME# supported from D0 D3hot D3cold
Mar 14 11:54:51 cu-cs-vm kernel: [    0.601412] pci 0000:00:16.1: [15ad:07a0] type 01 class 0x060400
Mar 14 11:54:51 cu-cs-vm kernel: [    0.602687] pci 0000:00:16.1: PME# supported from D0 D3hot D3cold
Mar 14 11:54:51 cu-cs-vm kernel: [    0.603227] pci 0000:00:16.2: [15ad:07a0] type 01 class 0x060400
Mar 14 11:54:51 cu-cs-vm kernel: [    0.604505] pci 0000:00:16.2: PME# supported from D0 D3hot D3cold
Mar 14 11:54:51 cu-cs-vm kernel: [    0.605079] pci 0000:00:16.3: [15ad:07a0] type 01 class 0x060400
Mar 14 11:54:51 cu-cs-vm kernel: [    0.606389] pci 0000:00:16.3: PME# supported from D0 D3hot D3cold
Mar 14 11:54:51 cu-cs-vm kernel: [    0.607277] pci 0000:00:16.4: [15ad:07a0] type 01 class 0x060400
Mar 14 11:54:51 cu-cs-vm kernel: [    0.608542] pci 0000:00:16.4: PME# supported from D0 D3hot D3cold
Mar 14 11:54:51 cu-cs-vm kernel: [    0.609046] pci 0000:00:16.5: [15ad:07a0] type 01 class 0x060400
Mar 14 11:54:51 cu-cs-vm kernel: [    0.610357] pci 0000:00:16.5: PME# supported from D0 D3hot D3cold
Mar 14 11:54:51 cu-cs-vm kernel: [    0.610981] pci 0000:00:16.6: [15ad:07a0] type 01 class 0x060400
Mar 14 11:54:51 cu-cs-vm kernel: [    0.612297] pci 0000:00:16.6: PME# supported from D0 D3hot D3cold
Mar 14 11:54:51 cu-cs-vm kernel: [    0.612848] pci 0000:00:16.7: [15ad:07a0] type 01 class 0x060400
Mar 14 11:54:51 cu-cs-vm kernel: [    0.614203] pci 0000:00:16.7: PME# supported from D0 D3hot D3cold
Mar 14 11:54:51 cu-cs-vm kernel: [    0.614800] pci 0000:00:17.0: [15ad:07a0] type 01 class 0x060400
Mar 14 11:54:51 cu-cs-vm kernel: [    0.616054] pci 0000:00:17.0: PME# supported from D0 D3hot D3cold
Mar 14 11:54:51 cu-cs-vm kernel: [    0.616655] pci 0000:00:17.1: [15ad:07a0] type 01 class 0x060400
Mar 14 11:54:51 cu-cs-vm kernel: [    0.617916] pci 0000:00:17.1: PME# supported from D0 D3hot D3cold
Mar 14 11:54:51 cu-cs-vm kernel: [    0.618460] pci 0000:00:17.2: [15ad:07a0] type 01 class 0x060400
Mar 14 11:54:51 cu-cs-vm kernel: [    0.619707] pci 0000:00:17.2: PME# supported from D0 D3hot D3cold
Mar 14 11:54:51 cu-cs-vm kernel: [    0.620211] pci 0000:00:17.3: [15ad:07a0] type 01 class 0x060400
